<html>
<body>
<pre>
<h1>礦ision Build Log</h1>
<h2>Tool Versions:</h2>
IDE-Version: μVision V5.14.0.0
Copyright (C) 2015 ARM Ltd and ARM Germany GmbH. All rights reserved.
License Information: 1 xq, 1, LIC=W96DY-IJ9ZU-ZEGH2-9G72C-UJXC2-9W6LW
 
Tool Versions:
Toolchain:       MDK-ARM Professional  Version: 5.14.0.0
Toolchain Path:  C:\Keil_v5\ARM\ARMCC\Bin
C Compiler:      Armcc.exe V5.05 update 1 (build 106)
Assembler:       Armasm.exe V5.05 update 1 (build 106)
Linker/Locator:  ArmLink.exe V5.05 update 1 (build 106)
Library Manager: ArmAr.exe V5.05 update 1 (build 106)
Hex Converter:   FromElf.exe V5.05 update 1 (build 106)
CPU DLL:         SARMCM3.DLL V5.14.0.0
Dialog DLL:      DARMSTM.DLL V1.65.0.0
Target DLL:      Segger\JL2CM3.dll V2.99.13.0
Dialog DLL:      TARMSTM.DLL V1.64.0.0
 
<h2>Project:</h2>
I:\miniSTM32\4，程序源码\2，标准例程-V3.5库函数版本\2，标准例程-V3.5库函数版本\ALIENTEK MINISTM32 实验13 RTC实时实验\USER\RTC.uvprojx
Project File Date:  12/28/2016

<h2>Output:</h2>
Build target 'Target 1'
compiling main.c...
main.c(690): warning:  #167-D: argument of type "unsigned char *" is incompatible with parameter of type "const TCHAR *"
         f_puts(StringOfData1,file);  //write string
main.c(693): warning:  #167-D: argument of type "unsigned char *" is incompatible with parameter of type "const TCHAR *"
         f_puts(StringOfData2,file);  //write string    
main.c(696): warning:  #167-D: argument of type "unsigned char *" is incompatible with parameter of type "const TCHAR *"
         f_puts(StringOfData3,file);  //write string
main.c(699): warning:  #167-D: argument of type "unsigned char *" is incompatible with parameter of type "const TCHAR *"
         f_puts(StringOfData4,file);  //write string
main.c(702): warning:  #167-D: argument of type "unsigned char *" is incompatible with parameter of type "const TCHAR *"
         f_puts(StringOfData5,file);  //write string
main.c(743): warning:  #167-D: argument of type "u8 *" is incompatible with parameter of type "char *restrict"
                        sprintf(string6,"%2d:%02d:%02d   ",calendar.hour,calendar.min,calendar.sec);
main.c(37): warning:  #177-D: variable "ooo" was declared but never referenced
        u16 ooo; 
main.c: 7 warnings, 0 errors
linking...
Program Size: Code=63492 RO-data=182172 RW-data=1964 ZI-data=44572  
FromELF: creating hex file...
"..\OBJ\RTC.axf" - 0 Error(s), 7 Warning(s).

<h2>Collection of Component include folders:</h2>
  I:\miniSTM32\4，程序源码\2，标准例程-V3.5库函数版本\2，标准例程-V3.5库函数版本\ALIENTEK MINISTM32 实验13 RTC实时实验\USER\RTE
  C:\Keil_v5\ARM\PACK\Keil\STM32F1xx_DFP\1.0.5\Device\Include

<h2>Collection of Component Files used:</h2>
</pre>
</body>
</html>
