Component: ARM Compiler 5.05 update 1 (build 106) Tool: armlink [4d0efa]

==============================================================================

Section Cross References

    main.o(.text) refers to _printf_percent.o(.ARM.Collect$$_printf_percent$$00000000) for _printf_percent
    main.o(.text) refers to _printf_d.o(.ARM.Collect$$_printf_percent$$00000009) for _printf_d
    main.o(.text) refers to _printf_dec.o(.text) for _printf_int_dec
    main.o(.text) refers to _printf_pad.o(.text) for _printf_pre_padding
    main.o(.text) refers to misc.o(.text) for NVIC_PriorityGroupConfig
    main.o(.text) refers to delay.o(.text) for delay_init
    main.o(.text) refers to usart.o(.text) for uart_init
    main.o(.text) refers to lcd.o(.text) for LCD_Init
    main.o(.text) refers to key.o(.text) for KEY_Init
    main.o(.text) refers to exfuns.o(.text) for exfuns_init
    main.o(.text) refers to malloc.o(.text) for mem_init
    main.o(.text) refers to stm32f10x_usart.o(.text) for USART_SendData
    main.o(.text) refers to rtc.o(.text) for RTC_Init
    main.o(.text) refers to mmc_sd.o(.text) for SD_Initialize
    main.o(.text) refers to ff.o(.text) for f_mount
    main.o(.text) refers to noretval__2printf.o(.text) for __2printf
    main.o(.text) refers to usmart_config.o(.data) for usmart_dev
    main.o(.text) refers to main.o(.data) for AT
    main.o(.text) refers to lcd.o(.data) for POINT_COLOR
    main.o(.text) refers to exfuns.o(.data) for fs
    main.o(.text) refers to usart.o(.data) for USART_RX_STA
    main.o(.text) refers to usart.o(.bss) for USART_RX_BUF
    main.o(.text) refers to rtc.o(.bss) for calendar
    main.o(.text) refers to noretval__2sprintf.o(.text) for __2sprintf
    main.o(.text) refers to main.o(.bss) for string6
    system_stm32f10x.o(.text) refers to system_stm32f10x.o(.data) for SystemCoreClock
    led.o(.text) refers to stm32f10x_rcc.o(.text) for RCC_APB2PeriphClockCmd
    led.o(.text) refers to stm32f10x_gpio.o(.text) for GPIO_Init
    lcd.o(.text) refers to _printf_percent.o(.ARM.Collect$$_printf_percent$$00000000) for _printf_percent
    lcd.o(.text) refers to _printf_x.o(.ARM.Collect$$_printf_percent$$0000000C) for _printf_x
    lcd.o(.text) refers to _printf_hex_int.o(.text) for _printf_longlong_hex
    lcd.o(.text) refers to delay.o(.text) for delay_us
    lcd.o(.text) refers to lcd.o(.bss) for lcddev
    lcd.o(.text) refers to dflt_clz.o(x$fpl$dfltu) for __aeabi_ui2d
    lcd.o(.text) refers to dmul.o(x$fpl$dmul) for __aeabi_dmul
    lcd.o(.text) refers to dfixu.o(x$fpl$dfixu) for __aeabi_d2uiz
    lcd.o(.text) refers to lcd.o(.data) for POINT_COLOR
    lcd.o(.text) refers to stm32f10x_rcc.o(.text) for RCC_APB2PeriphClockCmd
    lcd.o(.text) refers to stm32f10x_gpio.o(.text) for GPIO_PinRemapConfig
    lcd.o(.text) refers to noretval__2printf.o(.text) for __2printf
    lcd.o(.text) refers to lcd.o(.constdata) for asc2_1206
    rtc.o(.text) refers to misc.o(.text) for NVIC_Init
    rtc.o(.text) refers to stm32f10x_rtc.o(.text) for RTC_GetCounter
    rtc.o(.text) refers to stm32f10x_rcc.o(.text) for RCC_APB1PeriphClockCmd
    rtc.o(.text) refers to stm32f10x_pwr.o(.text) for PWR_BackupAccessCmd
    rtc.o(.text) refers to stm32f10x_bkp.o(.text) for BKP_ReadBackupRegister
    rtc.o(.text) refers to delay.o(.text) for delay_ms
    rtc.o(.text) refers to rtc.o(.constdata) for table_week
    rtc.o(.text) refers to rtc.o(.data) for daycnt
    rtc.o(.text) refers to rtc.o(.bss) for calendar
    key.o(.text) refers to stm32f10x_rcc.o(.text) for RCC_APB2PeriphClockCmd
    key.o(.text) refers to stm32f10x_gpio.o(.text) for GPIO_PinRemapConfig
    key.o(.text) refers to delay.o(.text) for delay_ms
    key.o(.text) refers to key.o(.data) for key_up
    flash.o(.text) refers to spi.o(.text) for SPI1_ReadWriteByte
    flash.o(.text) refers to stm32f10x_rcc.o(.text) for RCC_APB2PeriphClockCmd
    flash.o(.text) refers to stm32f10x_gpio.o(.text) for GPIO_Init
    flash.o(.text) refers to delay.o(.text) for delay_us
    flash.o(.text) refers to flash.o(.data) for SPI_FLASH_TYPE
    flash.o(.text) refers to flash.o(.bss) for SPI_FLASH_BUF
    mmc_sd.o(.text) refers to spi.o(.text) for SPI1_ReadWriteByte
    mmc_sd.o(.text) refers to stm32f10x_rcc.o(.text) for RCC_APB2PeriphClockCmd
    mmc_sd.o(.text) refers to stm32f10x_gpio.o(.text) for GPIO_Init
    mmc_sd.o(.text) refers to mmc_sd.o(.data) for SD_Type
    spi.o(.text) refers to stm32f10x_spi.o(.text) for SPI_I2S_GetFlagStatus
    spi.o(.text) refers to stm32f10x_rcc.o(.text) for RCC_APB2PeriphClockCmd
    spi.o(.text) refers to stm32f10x_gpio.o(.text) for GPIO_Init
    spi.o(.text) refers to spi.o(.bss) for SPI_InitStructure
    delay.o(.text) refers to misc.o(.text) for SysTick_CLKSourceConfig
    delay.o(.text) refers to system_stm32f10x.o(.data) for SystemCoreClock
    delay.o(.text) refers to delay.o(.data) for fac_us
    usart.o(.text) refers (Special) to use_no_semi_2.o(.text) for __use_no_semihosting
[...]
    .text                                    0x0800f110   Section        0  noretval__2sprintf.o(.text)
    .text                                    0x0800f138   Section        0  _printf_pad.o(.text)
    .text                                    0x0800f186   Section        0  _printf_str.o(.text)
    .text                                    0x0800f1d8   Section        0  _printf_dec.o(.text)
    .text                                    0x0800f250   Section        0  _printf_hex_int.o(.text)
    .text                                    0x0800f2a8   Section        0  __printf_flags_ss_wp.o(.text)
    .text                                    0x0800f430   Section        0  strcpy.o(.text)
    .text                                    0x0800f478   Section      128  strcmpv7m.o(.text)
    .text                                    0x0800f4f8   Section        0  heapauxi.o(.text)
    .text                                    0x0800f4fe   Section        2  use_no_semi.o(.text)
    .text                                    0x0800f500   Section        0  _printf_intcommon.o(.text)
    .text                                    0x0800f5b4   Section        0  _printf_char_common.o(.text)
    _printf_input_char                       0x0800f5b5   Thumb Code    10  _printf_char_common.o(.text)
    .text                                    0x0800f5e4   Section        0  _sputc.o(.text)
    .text                                    0x0800f5ee   Section        0  _printf_char.o(.text)
    .text                                    0x0800f61c   Section        0  _printf_char_file.o(.text)
    .text                                    0x0800f640   Section        0  ferror.o(.text)
    .text                                    0x0800f648   Section       74  sys_stackheap_outer.o(.text)
    .text                                    0x0800f692   Section        0  exit.o(.text)
    .text                                    0x0800f6a0   Section        8  libspace.o(.text)
    i._is_digit                              0x0800f6a8   Section        0  __printf_wp.o(i._is_digit)
    x$fpl$dfixu                              0x0800f6b8   Section       90  dfixu.o(x$fpl$dfixu)
    x$fpl$dfltu                              0x0800f712   Section       38  dflt_clz.o(x$fpl$dfltu)
    x$fpl$dmul                               0x0800f738   Section      340  dmul.o(x$fpl$dmul)
    x$fpl$dnaninf                            0x0800f88c   Section      156  dnaninf.o(x$fpl$dnaninf)
    x$fpl$dretinf                            0x0800f928   Section       12  dretinf.o(x$fpl$dretinf)
    .constdata                               0x0800f934   Section     6080  lcd.o(.constdata)
    x$fpl$usenofp                            0x0800f934   Section        0  usenofp.o(x$fpl$usenofp)
    .constdata                               0x080110f4   Section       24  rtc.o(.constdata)
    .constdata                               0x0801110c   Section       58  ff.o(.constdata)
    LfnOfs                                   0x0801110c   Data          13  ff.o(.constdata)
    vst                                      0x0801111a   Data          22  ff.o(.constdata)
    cst                                      0x08011130   Data          22  ff.o(.constdata)
    .constdata                               0x08011146   Section    175304  cc936.o(.constdata)
    uni2oem                                  0x08011146   Data       87172  cc936.o(.constdata)
    oem2uni                                  0x080265ca   Data       87172  cc936.o(.constdata)
    tbl_lower                                0x0803ba4e   Data         480  cc936.o(.constdata)
    tbl_upper                                0x0803bc2e   Data         480  cc936.o(.constdata)
    .constdata                               0x0803be0e   Section       40  _printf_hex_int.o(.constdata)
    uc_hextab                                0x0803be0e   Data          20  _printf_hex_int.o(.constdata)
    lc_hextab                                0x0803be22   Data          20  _printf_hex_int.o(.constdata)
    .constdata                               0x0803be36   Section       17  __printf_flags_ss_wp.o(.constdata)
    maptable                                 0x0803be36   Data          17  __printf_flags_ss_wp.o(.constdata)
    .conststring                             0x0803be48   Section       40  usmart.o(.conststring)
    .conststring                             0x0803be70   Section      171  usmart_config.o(.conststring)
    .conststring                             0x0803bf1c   Section      100  exfuns.o(.conststring)
    .data                                    0x20000000   Section     1211  main.o(.data)
    .data                                    0x200004bc   Section       20  system_stm32f10x.o(.data)
    .data                                    0x200004d0   Section        4  lcd.o(.data)
    .data                                    0x200004d4   Section        2  rtc.o(.data)
    daycnt                                   0x200004d4   Data           2  rtc.o(.data)
    .data                                    0x200004d6   Section        1  key.o(.data)
    key_up                                   0x200004d6   Data           1  key.o(.data)
    .data                                    0x200004d8   Section        2  flash.o(.data)
    .data                                    0x200004da   Section        1  mmc_sd.o(.data)
    .data                                    0x200004dc   Section        4  delay.o(.data)
    fac_us                                   0x200004dc   Data           1  delay.o(.data)
    fac_ms                                   0x200004de   Data           2  delay.o(.data)
    .data                                    0x200004e0   Section        8  usart.o(.data)
    .data                                    0x200004e8   Section       20  stm32f10x_rcc.o(.data)
    APBAHBPrescTable                         0x200004e8   Data          16  stm32f10x_rcc.o(.data)
    ADCPrescTable                            0x200004f8   Data           4  stm32f10x_rcc.o(.data)
    .data                                    0x200004fc   Section       28  usmart.o(.data)
    .data                                    0x20000518   Section      284  usmart_config.o(.data)
    .data                                    0x20000634   Section       20  malloc.o(.data)
    .data                                    0x20000648   Section      340  exfuns.o(.data)
    .data                                    0x2000079c   Section        2  diskio.o(.data)
    .data                                    0x200007a0   Section       10  ff.o(.data)
    FatFs                                    0x200007a0   Data           8  ff.o(.data)
    Fsid                                     0x200007a8   Data           2  ff.o(.data)
    .bss                                     0x200007ac   Section       20  main.o(.bss)
    .bss                                     0x200007c0   Section       14  lcd.o(.bss)
    .bss                                     0x200007ce   Section       10  rtc.o(.bss)
    .bss                                     0x200007d8   Section     4096  flash.o(.bss)
    .bss                                     0x200017d8   Section       18  spi.o(.bss)
    .bss                                     0x200017ea   Section      700  usart.o(.bss)
    .bss                                     0x20001aa8   Section    38080  malloc.o(.bss)
    .bss                                     0x2000af68   Section       96  libspace.o(.bss)
    HEAP                                     0x2000afc8   Section      512  startup_stm32f10x_hd.o(HEAP)
    Heap_Mem                                 0x2000afc8   Data         512  startup_stm32f10x_hd.o(HEAP)
    STACK                                    0x2000b1c8   Section     1024  startup_stm32f10x_hd.o(STACK)
    Stack_Mem                                0x2000b1c8   Data        1024  startup_stm32f10x_hd.o(STACK)
    __initial_sp                             0x2000b5c8   Data           0  startup_stm32f10x_hd.o(STACK)

    Global Symbols

    Symbol Name                              Value     Ov Type        Size  Object(Section)

    BuildAttributes$$THM_ISAv4$P$D$K$B$S$PE$A:L22UL41UL21$X:L11$S22US41US21$IEEE1$IW$USESV6$~STKCKD$USESV7$~SHL$OSPACE$ROPI$EBA8$UX$STANDARDLIB$REQ8$PRES8$EABIv2 0x00000000   Number         0  anon$$obj.o ABSOLUTE
    __ARM_use_no_argv                        0x00000000   Number         0  main.o ABSOLUTE
    _printf_flags                            0x00000000   Number         0  printf_stubs.o ABSOLUTE
    _printf_return_value                     0x00000000   Number         0  printf_stubs.o ABSOLUTE
    _printf_sizespec                         0x00000000   Number         0  printf_stubs.o ABSOLUTE
    _printf_widthprec                        0x00000000   Number         0  printf_stubs.o ABSOLUTE
    __ARM_exceptions_init                     - Undefined Weak Reference
    __alloca_initialize                       - Undefined Weak Reference
    __arm_preinit_                            - Undefined Weak Reference
    __cpp_initialize__aeabi_                  - Undefined Weak Reference
    __cxa_finalize                            - Undefined Weak Reference
    __rt_locale                               - Undefined Weak Reference
    __sigvec_lookup                           - Undefined Weak Reference
    _atexit_init                              - Undefined Weak Reference
    _call_atexit_fns                          - Undefined Weak Reference
    _clock_init                               - Undefined Weak Reference
    _fp_trap_init                             - Undefined Weak Reference
    _fp_trap_shutdown                         - Undefined Weak Reference
    _get_lc_collate                           - Undefined Weak Reference
    _get_lc_ctype                             - Undefined Weak Reference
    _get_lc_monetary                          - Undefined Weak Reference
    _get_lc_numeric                           - Undefined Weak Reference
    _get_lc_time                              - Undefined Weak Reference
    _getenv_init                              - Undefined Weak Reference
    _handle_redirection                       - Undefined Weak Reference
    _init_alloc                               - Undefined Weak Reference
    _init_user_alloc                          - Undefined Weak Reference
    _initio                                   - Undefined Weak Reference
    _mutex_acquire                            - Undefined Weak Reference
    _mutex_release                            - Undefined Weak Reference
    _printf_mbtowc                            - Undefined Weak Reference
    _printf_truncate_signed                   - Undefined Weak Reference
    _printf_truncate_unsigned                 - Undefined Weak Reference
    _rand_init                                - Undefined Weak Reference
    _signal_finish                            - Undefined Weak Reference
    _signal_init                              - Undefined Weak Reference
    _terminate_alloc                          - Undefined Weak Reference
    _terminate_user_alloc                     - Undefined Weak Reference
    _terminateio                              - Undefined Weak Reference
    __Vectors_Size                           0x00000130   Number         0  startup_stm32f10x_hd.o ABSOLUTE
    __Vectors                                0x08000000   Data           4  startup_stm32f10x_hd.o(RESET)
    __Vectors_End                            0x08000130   Data           0  startup_stm32f10x_hd.o(RESET)
    __main                                   0x08000131   Thumb Code     8  __main.o(!!!main)
    __scatterload                            0x08000139   Thumb Code     0  __scatter.o(!!!scatter)
    __scatterload_rt2                        0x08000139   Thumb Code    44  __scatter.o(!!!scatter)
    __scatterload_rt2_thumb_only             0x08000139   Thumb Code     0  __scatter.o(!!!scatter)
    __scatterload_null                       0x08000147   Thumb Code     0  __scatter.o(!!!scatter)
    __decompress                             0x0800016d   Thumb Code    90  __dczerorl2.o(!!dczerorl2)
    __decompress1                            0x0800016d   Thumb Code     0  __dczerorl2.o(!!dczerorl2)
    __scatterload_zeroinit                   0x080001c9   Thumb Code    28  __scatter_zi.o(!!handler_zi)
    _printf_d                                0x080001e5   Thumb Code     0  _printf_d.o(.ARM.Collect$$_printf_percent$$00000009)
    _printf_percent                          0x080001e5   Thumb Code     0  _printf_percent.o(.ARM.Collect$$_printf_percent$$00000000)
    _printf_u                                0x080001eb   Thumb Code     0  _printf_u.o(.ARM.Collect$$_printf_percent$$0000000A)
    _printf_x                                0x080001f1   Thumb Code     0  _printf_x.o(.ARM.Collect$$_printf_percent$$0000000C)
    _printf_c                                0x080001f7   Thumb Code     0  _printf_c.o(.ARM.Collect$$_printf_percent$$00000013)
    _printf_s                                0x080001fd   Thumb Code     0  _printf_s.o(.ARM.Collect$$_printf_percent$$00000014)
    _printf_percent_end                      0x08000203   Thumb Code     0  _printf_percent_end.o(.ARM.Collect$$_printf_percent$$00000017)
    __rt_lib_init                            0x08000207   Thumb Code     0  libinit.o(.ARM.Collect$$libinit$$00000000)
    __rt_lib_init_alloca_1                   0x08000209   Thumb Code     0  libinit2.o(.ARM.Collect$$libinit$$0000002E)
    __rt_lib_init_argv_1                     0x08000209   Thumb Code     0  libinit2.o(.ARM.Collect$$libinit$$0000002C)
    __rt_lib_init_atexit_1                   0x08000209   Thumb Code     0  libinit2.o(.ARM.Collect$$libinit$$0000001B)
    __rt_lib_init_clock_1                    0x08000209   Thumb Code     0  libinit2.o(.ARM.Collect$$libinit$$00000021)
    __rt_lib_init_cpp_1                      0x08000209   Thumb Code     0  libinit2.o(.ARM.Collect$$libinit$$00000032)
    __rt_lib_init_exceptions_1               0x08000209   Thumb Code     0  libinit2.o(.ARM.Collect$$libinit$$00000030)
    __rt_lib_init_fp_1                       0x08000209   Thumb Code     0  libinit2.o(.ARM.Collect$$libinit$$00000002)
    __rt_lib_init_fp_trap_1                  0x08000209   Thumb Code     0  libinit2.o(.ARM.Collect$$libinit$$0000001F)
    __rt_lib_init_getenv_1                   0x08000209   Thumb Code     0  libinit2.o(.ARM.Collect$$libinit$$00000023)
    __rt_lib_init_heap_1                     0x08000209   Thumb Code     0  libinit2.o(.ARM.Collect$$libinit$$0000000A)
    __rt_lib_init_lc_collate_1               0x08000209   Thumb Code     0  libinit2.o(.ARM.Collect$$libinit$$00000011)
    __rt_lib_init_lc_ctype_1                 0x08000209   Thumb Code     0  libinit2.o(.ARM.Collect$$libinit$$00000013)
    __rt_lib_init_lc_monetary_1              0x08000209   Thumb Code     0  libinit2.o(.ARM.Collect$$libinit$$00000015)
    __rt_lib_init_lc_numeric_1               0x08000209   Thumb Code     0  libinit2.o(.ARM.Collect$$libinit$$00000017)
    __rt_lib_init_lc_time_1                  0x08000209   Thumb Code     0  libinit2.o(.ARM.Collect$$libinit$$00000019)
    __rt_lib_init_preinit_1                  0x08000209   Thumb Code     0  libinit2.o(.ARM.Collect$$libinit$$00000004)
    __rt_lib_init_rand_1                     0x08000209   Thumb Code     0  libinit2.o(.ARM.Collect$$libinit$$0000000E)
    __rt_lib_init_return                     0x08000209   Thumb Code     0  libinit2.o(.ARM.Collect$$libinit$$00000033)
    __rt_lib_init_signal_1                   0x08000209   Thumb Code     0  libinit2.o(.ARM.Collect$$libinit$$0000001D)
    __rt_lib_init_stdio_1                    0x08000209   Thumb Code     0  libinit2.o(.ARM.Collect$$libinit$$00000025)
    __rt_lib_init_user_alloc_1               0x08000209   Thumb Code     0  libinit2.o(.ARM.Collect$$libinit$$0000000C)
    __rt_lib_shutdown                        0x0800020b   Thumb Code     0  libshutdown.o(.ARM.Collect$$libshutdown$$00000000)
    __rt_lib_shutdown_fp_trap_1              0x0800020d   Thumb Code     0  libshutdown2.o(.ARM.Collect$$libshutdown$$00000006)
    __rt_lib_shutdown_heap_1                 0x0800020d   Thumb Code     0  libshutdown2.o(.ARM.Collect$$libshutdown$$0000000E)
    __rt_lib_shutdown_return                 0x0800020d   Thumb Code     0  libshutdown2.o(.ARM.Collect$$libshutdown$$0000000F)
    __rt_lib_shutdown_signal_1               0x0800020d   Thumb Code     0  libshutdown2.o(.ARM.Collect$$libshutdown$$00000009)
    __rt_lib_shutdown_stdio_1                0x0800020d   Thumb Code     0  libshutdown2.o(.ARM.Collect$$libshutdown$$00000003)
    __rt_lib_shutdown_user_alloc_1           0x0800020d   Thumb Code     0  libshutdown2.o(.ARM.Collect$$libshutdown$$0000000B)
    __rt_entry                               0x0800020f   Thumb Code     0  __rtentry.o(.ARM.Collect$$rtentry$$00000000)
    __rt_entry_presh_1                       0x0800020f   Thumb Code     0  __rtentry2.o(.ARM.Collect$$rtentry$$00000002)
    __rt_entry_sh                            0x0800020f   Thumb Code     0  __rtentry4.o(.ARM.Collect$$rtentry$$00000004)
    __rt_entry_li                            0x08000215   Thumb Code     0  __rtentry2.o(.ARM.Collect$$rtentry$$0000000A)
    __rt_entry_postsh_1                      0x08000215   Thumb Code     0  __rtentry2.o(.ARM.Collect$$rtentry$$00000009)
    __rt_entry_main                          0x08000219   Thumb Code     0  __rtentry2.o(.ARM.Collect$$rtentry$$0000000D)
    __rt_entry_postli_1                      0x08000219   Thumb Code     0  __rtentry2.o(.ARM.Collect$$rtentry$$0000000C)
    __rt_exit                                0x08000221   Thumb Code     0  rtexit.o(.ARM.Collect$$rtexit$$00000000)
    __rt_exit_ls                             0x08000223   Thumb Code     0  rtexit2.o(.ARM.Collect$$rtexit$$00000003)
    __rt_exit_prels_1                        0x08000223   Thumb Code     0  rtexit2.o(.ARM.Collect$$rtexit$$00000002)
    __rt_exit_exit                           0x08000227   Thumb Code     0  rtexit2.o(.ARM.Collect$$rtexit$$00000004)
    main                                     0x0800022d   Thumb Code  6338  main.o(.text)
    NMI_Handler                              0x08001ba5   Thumb Code     2  stm32f10x_it.o(.text)
    HardFault_Handler                        0x08001ba7   Thumb Code     4  stm32f10x_it.o(.text)
    MemManage_Handler                        0x08001bab   Thumb Code     4  stm32f10x_it.o(.text)
    BusFault_Handler                         0x08001baf   Thumb Code     4  stm32f10x_it.o(.text)
    UsageFault_Handler                       0x08001bb3   Thumb Code     4  stm32f10x_it.o(.text)
    SVC_Handler                              0x08001bb7   Thumb Code     2  stm32f10x_it.o(.text)
    DebugMon_Handler                         0x08001bb9   Thumb Code     2  stm32f10x_it.o(.text)
    PendSV_Handler                           0x08001bbb   Thumb Code     2  stm32f10x_it.o(.text)
    SysTick_Handler                          0x08001bbd   Thumb Code     2  stm32f10x_it.o(.text)
    SystemInit                               0x08001c9f   Thumb Code    78  system_stm32f10x.o(.text)
    SystemCoreClockUpdate                    0x08001ced   Thumb Code   142  system_stm32f10x.o(.text)
    LCD_WR_REG                               0x08001da1   Thumb Code    28  lcd.o(.text)
    LCD_WR_DATAX                             0x08001dbd   Thumb Code    28  lcd.o(.text)
    LCD_RD_DATA                              0x08001dd9   Thumb Code    98  lcd.o(.text)
    LCD_WriteReg                             0x08001e3b   Thumb Code    40  lcd.o(.text)
    LCD_ReadReg                              0x08001e63   Thumb Code    16  lcd.o(.text)
    LCD_WriteRAM_Prepare                     0x08001e73   Thumb Code    12  lcd.o(.text)
    LCD_WriteRAM                             0x08001e7f   Thumb Code    28  lcd.o(.text)
    LCD_BGR2RGB                              0x08001e9b   Thumb Code    26  lcd.o(.text)
    opt_delay                                0x08001eb5   Thumb Code    14  lcd.o(.text)
    LCD_SetCursor                            0x08001ec3   Thumb Code   956  lcd.o(.text)
    LCD_ReadPoint                            0x0800227f   Thumb Code   506  lcd.o(.text)
    LCD_DisplayOn                            0x08002479   Thumb Code    92  lcd.o(.text)
    LCD_DisplayOff                           0x080024d5   Thumb Code    90  lcd.o(.text)
    LCD_Scan_Dir                             0x0800252f   Thumb Code  1126  lcd.o(.text)
    LCD_DrawPoint                            0x08002995   Thumb Code    52  lcd.o(.text)
    LCD_Fast_DrawPoint                       0x080029c9   Thumb Code   854  lcd.o(.text)
    LCD_SSD_BackLightSet                     0x08002d1f   Thumb Code   220  lcd.o(.text)
    LCD_Display_Dir                          0x08002dfb   Thumb Code   444  lcd.o(.text)
    LCD_Set_Window                           0x08002fb7   Thumb Code  1078  lcd.o(.text)
    LCD_Clear                                0x080033ed   Thumb Code   122  lcd.o(.text)
    LCD_Init                                 0x08003467   Thumb Code 15298  lcd.o(.text)
    LCD_Fill                                 0x08007029   Thumb Code   200  lcd.o(.text)
    LCD_Color_Fill                           0x080070f1   Thumb Code   116  lcd.o(.text)
    LCD_DrawLine                             0x08007165   Thumb Code   176  lcd.o(.text)
    LCD_DrawRectangle                        0x08007215   Thumb Code    60  lcd.o(.text)
    LCD_Draw_Circle                          0x08007251   Thumb Code   152  lcd.o(.text)
    LCD_ShowChar                             0x080072e9   Thumb Code   272  lcd.o(.text)
    LCD_Pow                                  0x080073f9   Thumb Code    22  lcd.o(.text)
    LCD_ShowNum                              0x0800740f   Thumb Code   180  lcd.o(.text)
    LCD_ShowxNum                             0x080074c3   Thumb Code   190  lcd.o(.text)
    LCD_ShowString                           0x08007581   Thumb Code   102  lcd.o(.text)
    RTC_Get_Week                             0x08007609   Thumb Code   116  rtc.o(.text)
    Is_Leap_Year                             0x0800767d   Thumb Code    58  rtc.o(.text)
    RTC_Get                                  0x080076b7   Thumb Code   240  rtc.o(.text)
    RTC_Set                                  0x080077a7   Thumb Code   188  rtc.o(.text)
    RTC_Init                                 0x08007863   Thumb Code   190  rtc.o(.text)
    RTC_IRQHandler                           0x08007921   Thumb Code    40  rtc.o(.text)
    KEY_Init                                 0x08007965   Thumb Code    82  key.o(.text)
    KEY_Scan                                 0x080079b7   Thumb Code   154  key.o(.text)
    SPI_Flash_ReadID                         0x08007a61   Thumb Code    64  flash.o(.text)
    SPI_Flash_Init                           0x08007aa1   Thumb Code    64  flash.o(.text)
    SPI_Flash_ReadSR                         0x08007ae1   Thumb Code    36  flash.o(.text)
    SPI_FLASH_Write_SR                       0x08007b05   Thumb Code    32  flash.o(.text)
    SPI_FLASH_Write_Enable                   0x08007b25   Thumb Code    24  flash.o(.text)
    SPI_FLASH_Write_Disable                  0x08007b3d   Thumb Code    24  flash.o(.text)
    SPI_Flash_Read                           0x08007b55   Thumb Code    74  flash.o(.text)
    SPI_Flash_Wait_Busy                      0x08007b9f   Thumb Code    18  flash.o(.text)
    SPI_Flash_Write_Page                     0x08007bb1   Thumb Code    80  flash.o(.text)
    SPI_Flash_Write_NoCheck                  0x08007c01   Thumb Code    70  flash.o(.text)
    SPI_Flash_Erase_Sector                   0x08007c47   Thumb Code    62  flash.o(.text)
    SPI_Flash_Write                          0x08007c85   Thumb Code   176  flash.o(.text)
    SPI_Flash_Erase_Chip                     0x08007d35   Thumb Code    36  flash.o(.text)
    SPI_Flash_PowerDown                      0x08007d59   Thumb Code    30  flash.o(.text)
    SPI_Flash_WAKEUP                         0x08007d77   Thumb Code    30  flash.o(.text)
    SD_SPI_ReadWriteByte                     0x08007da9   Thumb Code    12  mmc_sd.o(.text)
    SD_SPI_SpeedLow                          0x08007db5   Thumb Code    10  mmc_sd.o(.text)
    SD_SPI_SpeedHigh                         0x08007dbf   Thumb Code    10  mmc_sd.o(.text)
    SD_SPI_Init                              0x08007dc9   Thumb Code    56  mmc_sd.o(.text)
    SD_DisSelect                             0x08007e01   Thumb Code    16  mmc_sd.o(.text)
    SD_WaitReady                             0x08007e11   Thumb Code    34  mmc_sd.o(.text)
    SD_Select                                0x08007e33   Thumb Code    26  mmc_sd.o(.text)
    SD_GetResponse                           0x08007e4d   Thumb Code    38  mmc_sd.o(.text)
    SD_RecvData                              0x08007e73   Thumb Code    56  mmc_sd.o(.text)
    SD_SendBlock                             0x08007eab   Thumb Code    82  mmc_sd.o(.text)
    SD_SendCmd                               0x08007efd   Thumb Code   120  mmc_sd.o(.text)
    SD_GetCID                                0x08007f75   Thumb Code    42  mmc_sd.o(.text)
    SD_GetCSD                                0x08007f9f   Thumb Code    42  mmc_sd.o(.text)
    SD_GetSectorCount                        0x08007fc9   Thumb Code   118  mmc_sd.o(.text)
    SD_Initialize                            0x0800803f   Thumb Code   398  mmc_sd.o(.text)
    SD_ReadDisk                              0x080081cd   Thumb Code   112  mmc_sd.o(.text)
    SD_WriteDisk                             0x0800823d   Thumb Code   140  mmc_sd.o(.text)
    SPI1_ReadWriteByte                       0x080082cd   Thumb Code    78  spi.o(.text)
    SPI1_Init                                0x0800831b   Thumb Code   108  spi.o(.text)
    SPI1_SetSpeed                            0x08008387   Thumb Code    26  spi.o(.text)
    delay_init                               0x080083ad   Thumb Code    50  delay.o(.text)
    delay_us                                 0x080083df   Thumb Code    72  delay.o(.text)
    delay_ms                                 0x08008427   Thumb Code    72  delay.o(.text)
    _sys_exit                                0x08008481   Thumb Code     6  usart.o(.text)
    fputc                                    0x08008487   Thumb Code    24  usart.o(.text)
    uart_init                                0x0800849f   Thumb Code   152  usart.o(.text)
    uart_init5                               0x08008537   Thumb Code   154  usart.o(.text)
    UART5_IRQHandler                         0x080085d1   Thumb Code   124  usart.o(.text)
    USART1_IRQHandler                        0x0800864d   Thumb Code   122  usart.o(.text)
    Reset_Handler                            0x080086ed   Thumb Code     8  startup_stm32f10x_hd.o(.text)
    ADC1_2_IRQHandler                        0x08008707   Thumb Code     0  startup_stm32f10x_hd.o(.text)
    ADC3_IRQHandler                          0x08008707   Thumb Code     0  startup_stm32f10x_hd.o(.text)
    CAN1_RX1_IRQHandler                      0x08008707   Thumb Code     0  startup_stm32f10x_hd.o(.text)
    CAN1_SCE_IRQHandler                      0x08008707   Thumb Code     0  startup_stm32f10x_hd.o(.text)
    DMA1_Channel1_IRQHandler                 0x08008707   Thumb Code     0  startup_stm32f10x_hd.o(.text)
    DMA1_Channel2_IRQHandler                 0x08008707   Thumb Code     0  startup_stm32f10x_hd.o(.text)
    DMA1_Channel3_IRQHandler                 0x08008707   Thumb Code     0  startup_stm32f10x_hd.o(.text)
    DMA1_Channel4_IRQHandler                 0x08008707   Thumb Code     0  startup_stm32f10x_hd.o(.text)
    DMA1_Channel5_IRQHandler                 0x08008707   Thumb Code     0  startup_stm32f10x_hd.o(.text)
    DMA1_Channel6_IRQHandler                 0x08008707   Thumb Code     0  startup_stm32f10x_hd.o(.text)
    DMA1_Channel7_IRQHandler                 0x08008707   Thumb Code     0  startup_stm32f10x_hd.o(.text)
    DMA2_Channel1_IRQHandler                 0x08008707   Thumb Code     0  startup_stm32f10x_hd.o(.text)
    DMA2_Channel2_IRQHandler                 0x08008707   Thumb Code     0  startup_stm32f10x_hd.o(.text)
    DMA2_Channel3_IRQHandler                 0x08008707   Thumb Code     0  startup_stm32f10x_hd.o(.text)
    DMA2_Channel4_5_IRQHandler               0x08008707   Thumb Code     0  startup_stm32f10x_hd.o(.text)
    EXTI0_IRQHandler                         0x08008707   Thumb Code     0  startup_stm32f10x_hd.o(.text)
    EXTI15_10_IRQHandler                     0x08008707   Thumb Code     0  startup_stm32f10x_hd.o(.text)
    EXTI1_IRQHandler                         0x08008707   Thumb Code     0  startup_stm32f10x_hd.o(.text)
    EXTI2_IRQHandler                         0x08008707   Thumb Code     0  startup_stm32f10x_hd.o(.text)
    EXTI3_IRQHandler                         0x08008707   Thumb Code     0  startup_stm32f10x_hd.o(.text)
    EXTI4_IRQHandler                         0x08008707   Thumb Code     0  startup_stm32f10x_hd.o(.text)
    EXTI9_5_IRQHandler                       0x08008707   Thumb Code     0  startup_stm32f10x_hd.o(.text)
    FLASH_IRQHandler                         0x08008707   Thumb Code     0  startup_stm32f10x_hd.o(.text)
    FSMC_IRQHandler                          0x08008707   Thumb Code     0  startup_stm32f10x_hd.o(.text)
    I2C1_ER_IRQHandler                       0x08008707   Thumb Code     0  startup_stm32f10x_hd.o(.text)
    I2C1_EV_IRQHandler                       0x08008707   Thumb Code     0  startup_stm32f10x_hd.o(.text)
    I2C2_ER_IRQHandler                       0x08008707   Thumb Code     0  startup_stm32f10x_hd.o(.text)
    I2C2_EV_IRQHandler                       0x08008707   Thumb Code     0  startup_stm32f10x_hd.o(.text)
    PVD_IRQHandler                           0x08008707   Thumb Code     0  startup_stm32f10x_hd.o(.text)
    RCC_IRQHandler                           0x08008707   Thumb Code     0  startup_stm32f10x_hd.o(.text)
    RTCAlarm_IRQHandler                      0x08008707   Thumb Code     0  startup_stm32f10x_hd.o(.text)
    SDIO_IRQHandler                          0x08008707   Thumb Code     0  startup_stm32f10x_hd.o(.text)
    SPI1_IRQHandler                          0x08008707   Thumb Code     0  startup_stm32f10x_hd.o(.text)
    SPI2_IRQHandler                          0x08008707   Thumb Code     0  startup_stm32f10x_hd.o(.text)
    SPI3_IRQHandler                          0x08008707   Thumb Code     0  startup_stm32f10x_hd.o(.text)
    TAMPER_IRQHandler                        0x08008707   Thumb Code     0  startup_stm32f10x_hd.o(.text)
    TIM1_BRK_IRQHandler                      0x08008707   Thumb Code     0  startup_stm32f10x_hd.o(.text)
    TIM1_CC_IRQHandler                       0x08008707   Thumb Code     0  startup_stm32f10x_hd.o(.text)
    TIM1_TRG_COM_IRQHandler                  0x08008707   Thumb Code     0  startup_stm32f10x_hd.o(.text)
    TIM1_UP_IRQHandler                       0x08008707   Thumb Code     0  startup_stm32f10x_hd.o(.text)
    TIM2_IRQHandler                          0x08008707   Thumb Code     0  startup_stm32f10x_hd.o(.text)
    TIM3_IRQHandler                          0x08008707   Thumb Code     0  startup_stm32f10x_hd.o(.text)
    TIM5_IRQHandler                          0x08008707   Thumb Code     0  startup_stm32f10x_hd.o(.text)
    TIM6_IRQHandler                          0x08008707   Thumb Code     0  startup_stm32f10x_hd.o(.text)
    TIM7_IRQHandler                          0x08008707   Thumb Code     0  startup_stm32f10x_hd.o(.text)
    TIM8_BRK_IRQHandler                      0x08008707   Thumb Code     0  startup_stm32f10x_hd.o(.text)
    TIM8_CC_IRQHandler                       0x08008707   Thumb Code     0  startup_stm32f10x_hd.o(.text)
    TIM8_TRG_COM_IRQHandler                  0x08008707   Thumb Code     0  startup_stm32f10x_hd.o(.text)
    TIM8_UP_IRQHandler                       0x08008707   Thumb Code     0  startup_stm32f10x_hd.o(.text)
    UART4_IRQHandler                         0x08008707   Thumb Code     0  startup_stm32f10x_hd.o(.text)
    USART2_IRQHandler                        0x08008707   Thumb Code     0  startup_stm32f10x_hd.o(.text)
    USART3_IRQHandler                        0x08008707   Thumb Code     0  startup_stm32f10x_hd.o(.text)
    USBWakeUp_IRQHandler                     0x08008707   Thumb Code     0  startup_stm32f10x_hd.o(.text)
    USB_HP_CAN1_TX_IRQHandler                0x08008707   Thumb Code     0  startup_stm32f10x_hd.o(.text)
    USB_LP_CAN1_RX0_IRQHandler               0x08008707   Thumb Code     0  startup_stm32f10x_hd.o(.text)
    WWDG_IRQHandler                          0x08008707   Thumb Code     0  startup_stm32f10x_hd.o(.text)
    __user_initial_stackheap                 0x08008709   Thumb Code     0  startup_stm32f10x_hd.o(.text)
    GPIO_DeInit                              0x0800872d   Thumb Code   172  stm32f10x_gpio.o(.text)
    GPIO_AFIODeInit                          0x080087d9   Thumb Code    20  stm32f10x_gpio.o(.text)
    GPIO_Init                                0x080087ed   Thumb Code   278  stm32f10x_gpio.o(.text)
    GPIO_StructInit                          0x08008903   Thumb Code    16  stm32f10x_gpio.o(.text)
    GPIO_ReadInputDataBit                    0x08008913   Thumb Code    18  stm32f10x_gpio.o(.text)
    GPIO_ReadInputData                       0x08008925   Thumb Code     8  stm32f10x_gpio.o(.text)
    GPIO_ReadOutputDataBit                   0x0800892d   Thumb Code    18  stm32f10x_gpio.o(.text)
    GPIO_ReadOutputData                      0x0800893f   Thumb Code     8  stm32f10x_gpio.o(.text)
    GPIO_SetBits                             0x08008947   Thumb Code     4  stm32f10x_gpio.o(.text)
    GPIO_ResetBits                           0x0800894b   Thumb Code     4  stm32f10x_gpio.o(.text)
    GPIO_WriteBit                            0x0800894f   Thumb Code    10  stm32f10x_gpio.o(.text)
    GPIO_Write                               0x08008959   Thumb Code     4  stm32f10x_gpio.o(.text)
    GPIO_PinLockConfig                       0x0800895d   Thumb Code    18  stm32f10x_gpio.o(.text)
    GPIO_EventOutputConfig                   0x0800896f   Thumb Code    26  stm32f10x_gpio.o(.text)
    GPIO_EventOutputCmd                      0x08008989   Thumb Code     6  stm32f10x_gpio.o(.text)
    GPIO_PinRemapConfig                      0x0800898f   Thumb Code   138  stm32f10x_gpio.o(.text)
    GPIO_EXTILineConfig                      0x08008a19   Thumb Code    66  stm32f10x_gpio.o(.text)
    GPIO_ETH_MediaInterfaceConfig            0x08008a5b   Thumb Code     8  stm32f10x_gpio.o(.text)
    RCC_DeInit                               0x08008a89   Thumb Code    64  stm32f10x_rcc.o(.text)
    RCC_HSEConfig                            0x08008ac9   Thumb Code    70  stm32f10x_rcc.o(.text)
    RCC_GetFlagStatus                        0x08008b0f   Thumb Code    56  stm32f10x_rcc.o(.text)
    RCC_WaitForHSEStartUp                    0x08008b47   Thumb Code    56  stm32f10x_rcc.o(.text)
    RCC_AdjustHSICalibrationValue            0x08008b7f   Thumb Code    20  stm32f10x_rcc.o(.text)
    RCC_HSICmd                               0x08008b93   Thumb Code     6  stm32f10x_rcc.o(.text)
    RCC_PLLConfig                            0x08008b99   Thumb Code    24  stm32f10x_rcc.o(.text)
    RCC_PLLCmd                               0x08008bb1   Thumb Code     6  stm32f10x_rcc.o(.text)
    RCC_SYSCLKConfig                         0x08008bb7   Thumb Code    18  stm32f10x_rcc.o(.text)
    RCC_GetSYSCLKSource                      0x08008bc9   Thumb Code    10  stm32f10x_rcc.o(.text)
    RCC_HCLKConfig                           0x08008bd3   Thumb Code    18  stm32f10x_rcc.o(.text)
    RCC_PCLK1Config                          0x08008be5   Thumb Code    18  stm32f10x_rcc.o(.text)
    RCC_PCLK2Config                          0x08008bf7   Thumb Code    20  stm32f10x_rcc.o(.text)
    RCC_ITConfig                             0x08008c0b   Thumb Code    26  stm32f10x_rcc.o(.text)
    RCC_USBCLKConfig                         0x08008c25   Thumb Code     8  stm32f10x_rcc.o(.text)
    RCC_ADCCLKConfig                         0x08008c2d   Thumb Code    18  stm32f10x_rcc.o(.text)
    RCC_LSEConfig                            0x08008c3f   Thumb Code    50  stm32f10x_rcc.o(.text)
    RCC_LSICmd                               0x08008c71   Thumb Code     6  stm32f10x_rcc.o(.text)
    RCC_RTCCLKConfig                         0x08008c77   Thumb Code    12  stm32f10x_rcc.o(.text)
    RCC_RTCCLKCmd                            0x08008c83   Thumb Code     8  stm32f10x_rcc.o(.text)
    RCC_GetClocksFreq                        0x08008c8b   Thumb Code   192  stm32f10x_rcc.o(.text)
    RCC_AHBPeriphClockCmd                    0x08008d4b   Thumb Code    26  stm32f10x_rcc.o(.text)
    RCC_APB2PeriphClockCmd                   0x08008d65   Thumb Code    26  stm32f10x_rcc.o(.text)
    RCC_APB1PeriphClockCmd                   0x08008d7f   Thumb Code    26  stm32f10x_rcc.o(.text)
    RCC_APB2PeriphResetCmd                   0x08008d99   Thumb Code    26  stm32f10x_rcc.o(.text)
    RCC_APB1PeriphResetCmd                   0x08008db3   Thumb Code    26  stm32f10x_rcc.o(.text)
    RCC_BackupResetCmd                       0x08008dcd   Thumb Code     8  stm32f10x_rcc.o(.text)
    RCC_ClockSecuritySystemCmd               0x08008dd5   Thumb Code     6  stm32f10x_rcc.o(.text)
    RCC_MCOConfig                            0x08008ddb   Thumb Code     6  stm32f10x_rcc.o(.text)
    RCC_ClearFlag                            0x08008de1   Thumb Code    14  stm32f10x_rcc.o(.text)
    RCC_GetITStatus                          0x08008def   Thumb Code    20  stm32f10x_rcc.o(.text)
    RCC_ClearITPendingBit                    0x08008e03   Thumb Code     6  stm32f10x_rcc.o(.text)
    USART_DeInit                             0x08008e2d   Thumb Code   134  stm32f10x_usart.o(.text)
    USART_Init                               0x08008eb3   Thumb Code   210  stm32f10x_usart.o(.text)
    USART_StructInit                         0x08008f85   Thumb Code    24  stm32f10x_usart.o(.text)
    USART_ClockInit                          0x08008f9d   Thumb Code    34  stm32f10x_usart.o(.text)
    USART_ClockStructInit                    0x08008fbf   Thumb Code    12  stm32f10x_usart.o(.text)
    USART_Cmd                                0x08008fcb   Thumb Code    24  stm32f10x_usart.o(.text)
    USART_ITConfig                           0x08008fe3   Thumb Code    74  stm32f10x_usart.o(.text)
    USART_DMACmd                             0x0800902d   Thumb Code    18  stm32f10x_usart.o(.text)
    USART_SetAddress                         0x0800903f   Thumb Code    18  stm32f10x_usart.o(.text)
    USART_WakeUpConfig                       0x08009051   Thumb Code    18  stm32f10x_usart.o(.text)
    USART_ReceiverWakeUpCmd                  0x08009063   Thumb Code    24  stm32f10x_usart.o(.text)
    USART_LINBreakDetectLengthConfig         0x0800907b   Thumb Code    18  stm32f10x_usart.o(.text)
    USART_LINCmd                             0x0800908d   Thumb Code    24  stm32f10x_usart.o(.text)
    USART_SendData                           0x080090a5   Thumb Code     8  stm32f10x_usart.o(.text)
    USART_ReceiveData                        0x080090ad   Thumb Code    10  stm32f10x_usart.o(.text)
    USART_SendBreak                          0x080090b7   Thumb Code    10  stm32f10x_usart.o(.text)
    USART_SetGuardTime                       0x080090c1   Thumb Code    16  stm32f10x_usart.o(.text)
    USART_SetPrescaler                       0x080090d1   Thumb Code    16  stm32f10x_usart.o(.text)
    USART_SmartCardCmd                       0x080090e1   Thumb Code    24  stm32f10x_usart.o(.text)
    USART_SmartCardNACKCmd                   0x080090f9   Thumb Code    24  stm32f10x_usart.o(.text)
    USART_HalfDuplexCmd                      0x08009111   Thumb Code    24  stm32f10x_usart.o(.text)
    USART_OverSampling8Cmd                   0x08009129   Thumb Code    22  stm32f10x_usart.o(.text)
    USART_OneBitMethodCmd                    0x0800913f   Thumb Code    24  stm32f10x_usart.o(.text)
    USART_IrDAConfig                         0x08009157   Thumb Code    18  stm32f10x_usart.o(.text)
    USART_IrDACmd                            0x08009169   Thumb Code    24  stm32f10x_usart.o(.text)
    USART_GetFlagStatus                      0x08009181   Thumb Code    26  stm32f10x_usart.o(.text)
    USART_ClearFlag                          0x0800919b   Thumb Code    18  stm32f10x_usart.o(.text)
    USART_GetITStatus                        0x080091ad   Thumb Code    84  stm32f10x_usart.o(.text)
    USART_ClearITPendingBit                  0x08009201   Thumb Code    52  stm32f10x_usart.o(.text)
    NVIC_PriorityGroupConfig                 0x08009235   Thumb Code    10  misc.o(.text)
    NVIC_Init                                0x0800923f   Thumb Code   100  misc.o(.text)
    NVIC_SetVectorTable                      0x080092a3   Thumb Code    14  misc.o(.text)
    NVIC_SystemLPConfig                      0x080092b1   Thumb Code    34  misc.o(.text)
    SysTick_CLKSourceConfig                  0x080092d3   Thumb Code    40  misc.o(.text)
    TIM_DeInit                               0x08009311   Thumb Code   424  stm32f10x_tim.o(.text)
    TIM_TimeBaseInit                         0x080094b9   Thumb Code   122  stm32f10x_tim.o(.text)
    TIM_OC1Init                              0x08009533   Thumb Code   132  stm32f10x_tim.o(.text)
    TIM_OC2Init                              0x080095b7   Thumb Code   154  stm32f10x_tim.o(.text)
    TIM_OC3Init                              0x08009651   Thumb Code   150  stm32f10x_tim.o(.text)
    TIM_OC4Init                              0x080096e7   Thumb Code   182  stm32f10x_tim.o(.text)
    TIM_SetIC4Prescaler                      0x0800979d   Thumb Code    26  stm32f10x_tim.o(.text)
    TIM_SetIC3Prescaler                      0x08009839   Thumb Code    18  stm32f10x_tim.o(.text)
    TIM_SetIC2Prescaler                      0x080098c5   Thumb Code    26  stm32f10x_tim.o(.text)
    TIM_SetIC1Prescaler                      0x08009961   Thumb Code    18  stm32f10x_tim.o(.text)
    TIM_ICInit                               0x080099df   Thumb Code   150  stm32f10x_tim.o(.text)
    TIM_PWMIConfig                           0x08009a75   Thumb Code   124  stm32f10x_tim.o(.text)
    TIM_BDTRConfig                           0x08009af1   Thumb Code    32  stm32f10x_tim.o(.text)
    TIM_TimeBaseStructInit                   0x08009b11   Thumb Code    18  stm32f10x_tim.o(.text)
    TIM_OCStructInit                         0x08009b23   Thumb Code    20  stm32f10x_tim.o(.text)
    TIM_ICStructInit                         0x08009b37   Thumb Code    18  stm32f10x_tim.o(.text)
    TIM_BDTRStructInit                       0x08009b49   Thumb Code    40  stm32f10x_tim.o(.text)
    TIM_Cmd                                  0x08009b71   Thumb Code    24  stm32f10x_tim.o(.text)
    TIM_CtrlPWMOutputs                       0x08009b89   Thumb Code    30  stm32f10x_tim.o(.text)
    TIM_ITConfig                             0x08009ba7   Thumb Code    18  stm32f10x_tim.o(.text)
    TIM_GenerateEvent                        0x08009bb9   Thumb Code     4  stm32f10x_tim.o(.text)
    TIM_DMAConfig                            0x08009bbd   Thumb Code    10  stm32f10x_tim.o(.text)
    TIM_DMACmd                               0x08009bc7   Thumb Code    18  stm32f10x_tim.o(.text)
    TIM_InternalClockConfig                  0x08009bd9   Thumb Code    12  stm32f10x_tim.o(.text)
    TIM_SelectInputTrigger                   0x08009be5   Thumb Code    18  stm32f10x_tim.o(.text)
    TIM_ITRxExternalClockConfig              0x08009bf7   Thumb Code    24  stm32f10x_tim.o(.text)
    TIM_TIxExternalClockConfig               0x08009c0f   Thumb Code    62  stm32f10x_tim.o(.text)
    TIM_ETRConfig                            0x08009c4d   Thumb Code    28  stm32f10x_tim.o(.text)
    TIM_ETRClockMode1Config                  0x08009c69   Thumb Code    54  stm32f10x_tim.o(.text)
    TIM_ETRClockMode2Config                  0x08009c9f   Thumb Code    32  stm32f10x_tim.o(.text)
    TIM_PrescalerConfig                      0x08009cbf   Thumb Code     6  stm32f10x_tim.o(.text)
    TIM_CounterModeConfig                    0x08009cc5   Thumb Code    18  stm32f10x_tim.o(.text)
    TIM_EncoderInterfaceConfig               0x08009cd7   Thumb Code    66  stm32f10x_tim.o(.text)
    TIM_ForcedOC1Config                      0x08009d19   Thumb Code    18  stm32f10x_tim.o(.text)
    TIM_ForcedOC2Config                      0x08009d2b   Thumb Code    26  stm32f10x_tim.o(.text)
    TIM_ForcedOC3Config                      0x08009d45   Thumb Code    18  stm32f10x_tim.o(.text)
    TIM_ForcedOC4Config                      0x08009d57   Thumb Code    26  stm32f10x_tim.o(.text)
    TIM_ARRPreloadConfig                     0x08009d71   Thumb Code    24  stm32f10x_tim.o(.text)
    TIM_SelectCOM                            0x08009d89   Thumb Code    24  stm32f10x_tim.o(.text)
    TIM_SelectCCDMA                          0x08009da1   Thumb Code    24  stm32f10x_tim.o(.text)
    TIM_CCPreloadControl                     0x08009db9   Thumb Code    24  stm32f10x_tim.o(.text)
    TIM_OC1PreloadConfig                     0x08009dd1   Thumb Code    18  stm32f10x_tim.o(.text)
    TIM_OC2PreloadConfig                     0x08009de3   Thumb Code    26  stm32f10x_tim.o(.text)
    TIM_OC3PreloadConfig                     0x08009dfd   Thumb Code    18  stm32f10x_tim.o(.text)
    TIM_OC4PreloadConfig                     0x08009e0f   Thumb Code    26  stm32f10x_tim.o(.text)
    TIM_OC1FastConfig                        0x08009e29   Thumb Code    18  stm32f10x_tim.o(.text)
    TIM_OC2FastConfig                        0x08009e3b   Thumb Code    26  stm32f10x_tim.o(.text)
    TIM_OC3FastConfig                        0x08009e55   Thumb Code    18  stm32f10x_tim.o(.text)
    TIM_OC4FastConfig                        0x08009e67   Thumb Code    26  stm32f10x_tim.o(.text)
    TIM_ClearOC1Ref                          0x08009e81   Thumb Code    18  stm32f10x_tim.o(.text)
    TIM_ClearOC2Ref                          0x08009e93   Thumb Code    24  stm32f10x_tim.o(.text)
    TIM_ClearOC3Ref                          0x08009eab   Thumb Code    18  stm32f10x_tim.o(.text)
    TIM_ClearOC4Ref                          0x08009ebd   Thumb Code    24  stm32f10x_tim.o(.text)
    TIM_OC1PolarityConfig                    0x08009ed5   Thumb Code    18  stm32f10x_tim.o(.text)
    TIM_OC1NPolarityConfig                   0x08009ee7   Thumb Code    18  stm32f10x_tim.o(.text)
    TIM_OC2PolarityConfig                    0x08009ef9   Thumb Code    26  stm32f10x_tim.o(.text)
    TIM_OC2NPolarityConfig                   0x08009f13   Thumb Code    26  stm32f10x_tim.o(.text)
    TIM_OC3PolarityConfig                    0x08009f2d   Thumb Code    26  stm32f10x_tim.o(.text)
    TIM_OC3NPolarityConfig                   0x08009f47   Thumb Code    26  stm32f10x_tim.o(.text)
    TIM_OC4PolarityConfig                    0x08009f61   Thumb Code    26  stm32f10x_tim.o(.text)
    TIM_CCxCmd                               0x08009f7b   Thumb Code    30  stm32f10x_tim.o(.text)
    TIM_CCxNCmd                              0x08009f99   Thumb Code    30  stm32f10x_tim.o(.text)
    TIM_SelectOCxM                           0x08009fb7   Thumb Code    82  stm32f10x_tim.o(.text)
    TIM_UpdateDisableConfig                  0x0800a009   Thumb Code    24  stm32f10x_tim.o(.text)
    TIM_UpdateRequestConfig                  0x0800a021   Thumb Code    24  stm32f10x_tim.o(.text)
    TIM_SelectHallSensor                     0x0800a039   Thumb Code    24  stm32f10x_tim.o(.text)
    TIM_SelectOnePulseMode                   0x0800a051   Thumb Code    18  stm32f10x_tim.o(.text)
    TIM_SelectOutputTrigger                  0x0800a063   Thumb Code    18  stm32f10x_tim.o(.text)
    TIM_SelectSlaveMode                      0x0800a075   Thumb Code    18  stm32f10x_tim.o(.text)
    TIM_SelectMasterSlaveMode                0x0800a087   Thumb Code    18  stm32f10x_tim.o(.text)
    TIM_SetCounter                           0x0800a099   Thumb Code     4  stm32f10x_tim.o(.text)
    TIM_SetAutoreload                        0x0800a09d   Thumb Code     4  stm32f10x_tim.o(.text)
    TIM_SetCompare1                          0x0800a0a1   Thumb Code     4  stm32f10x_tim.o(.text)
    TIM_SetCompare2                          0x0800a0a5   Thumb Code     4  stm32f10x_tim.o(.text)
    TIM_SetCompare3                          0x0800a0a9   Thumb Code     4  stm32f10x_tim.o(.text)
    TIM_SetCompare4                          0x0800a0ad   Thumb Code     6  stm32f10x_tim.o(.text)
    TIM_SetClockDivision                     0x0800a0b3   Thumb Code    18  stm32f10x_tim.o(.text)
    TIM_GetCapture1                          0x0800a0c5   Thumb Code     6  stm32f10x_tim.o(.text)
    TIM_GetCapture2                          0x0800a0cb   Thumb Code     6  stm32f10x_tim.o(.text)
    TIM_GetCapture3                          0x0800a0d1   Thumb Code     6  stm32f10x_tim.o(.text)
    TIM_GetCapture4                          0x0800a0d7   Thumb Code     8  stm32f10x_tim.o(.text)
    TIM_GetCounter                           0x0800a0df   Thumb Code     6  stm32f10x_tim.o(.text)
    TIM_GetPrescaler                         0x0800a0e5   Thumb Code     6  stm32f10x_tim.o(.text)
    TIM_GetFlagStatus                        0x0800a0eb   Thumb Code    18  stm32f10x_tim.o(.text)
    TIM_ClearFlag                            0x0800a0fd   Thumb Code     6  stm32f10x_tim.o(.text)
    TIM_GetITStatus                          0x0800a103   Thumb Code    34  stm32f10x_tim.o(.text)
    TIM_ClearITPendingBit                    0x0800a125   Thumb Code     6  stm32f10x_tim.o(.text)
    RTC_ITConfig                             0x0800a12d   Thumb Code    26  stm32f10x_rtc.o(.text)
    RTC_EnterConfigMode                      0x0800a147   Thumb Code    18  stm32f10x_rtc.o(.text)
    RTC_ExitConfigMode                       0x0800a159   Thumb Code    20  stm32f10x_rtc.o(.text)
    RTC_GetCounter                           0x0800a16d   Thumb Code    18  stm32f10x_rtc.o(.text)
    RTC_SetCounter                           0x0800a17f   Thumb Code    26  stm32f10x_rtc.o(.text)
    RTC_SetPrescaler                         0x0800a199   Thumb Code    28  stm32f10x_rtc.o(.text)
    RTC_SetAlarm                             0x0800a1b5   Thumb Code    26  stm32f10x_rtc.o(.text)
    RTC_GetDivider                           0x0800a1cf   Thumb Code    22  stm32f10x_rtc.o(.text)
    RTC_WaitForLastTask                      0x0800a1e5   Thumb Code    18  stm32f10x_rtc.o(.text)
    RTC_WaitForSynchro                       0x0800a1f7   Thumb Code    36  stm32f10x_rtc.o(.text)
    RTC_GetFlagStatus                        0x0800a21b   Thumb Code    22  stm32f10x_rtc.o(.text)
    RTC_ClearFlag                            0x0800a231   Thumb Code    16  stm32f10x_rtc.o(.text)
    RTC_GetITStatus                          0x0800a241   Thumb Code    32  stm32f10x_rtc.o(.text)
    RTC_ClearITPendingBit                    0x0800a261   Thumb Code    16  stm32f10x_rtc.o(.text)
    BKP_DeInit                               0x0800a275   Thumb Code    16  stm32f10x_bkp.o(.text)
    BKP_TamperPinLevelConfig                 0x0800a285   Thumb Code     6  stm32f10x_bkp.o(.text)
    BKP_TamperPinCmd                         0x0800a28b   Thumb Code     8  stm32f10x_bkp.o(.text)
    BKP_ITConfig                             0x0800a293   Thumb Code     8  stm32f10x_bkp.o(.text)
    BKP_RTCOutputConfig                      0x0800a29b   Thumb Code    22  stm32f10x_bkp.o(.text)
    BKP_SetRTCCalibrationValue               0x0800a2b1   Thumb Code    22  stm32f10x_bkp.o(.text)
    BKP_WriteBackupRegister                  0x0800a2c7   Thumb Code    24  stm32f10x_bkp.o(.text)
    BKP_ReadBackupRegister                   0x0800a2df   Thumb Code    26  stm32f10x_bkp.o(.text)
    BKP_GetFlagStatus                        0x0800a2f9   Thumb Code    10  stm32f10x_bkp.o(.text)
    BKP_ClearFlag                            0x0800a303   Thumb Code    18  stm32f10x_bkp.o(.text)
    BKP_GetITStatus                          0x0800a315   Thumb Code    10  stm32f10x_bkp.o(.text)
    BKP_ClearITPendingBit                    0x0800a31f   Thumb Code    18  stm32f10x_bkp.o(.text)
    PWR_DeInit                               0x0800a339   Thumb Code    22  stm32f10x_pwr.o(.text)
    PWR_BackupAccessCmd                      0x0800a34f   Thumb Code     6  stm32f10x_pwr.o(.text)
    PWR_PVDCmd                               0x0800a355   Thumb Code     6  stm32f10x_pwr.o(.text)
    PWR_PVDLevelConfig                       0x0800a35b   Thumb Code    18  stm32f10x_pwr.o(.text)
    PWR_WakeUpPinCmd                         0x0800a36d   Thumb Code     8  stm32f10x_pwr.o(.text)
    PWR_EnterSTOPMode                        0x0800a375   Thumb Code    54  stm32f10x_pwr.o(.text)
    PWR_EnterSTANDBYMode                     0x0800a3ab   Thumb Code    42  stm32f10x_pwr.o(.text)
    PWR_GetFlagStatus                        0x0800a3d5   Thumb Code    20  stm32f10x_pwr.o(.text)
    PWR_ClearFlag                            0x0800a3e9   Thumb Code    14  stm32f10x_pwr.o(.text)
    SPI_I2S_DeInit                           0x0800a405   Thumb Code    76  stm32f10x_spi.o(.text)
    SPI_Init                                 0x0800a451   Thumb Code    60  stm32f10x_spi.o(.text)
    I2S_Init                                 0x0800a48d   Thumb Code   226  stm32f10x_spi.o(.text)
    SPI_StructInit                           0x0800a56f   Thumb Code    24  stm32f10x_spi.o(.text)
    I2S_StructInit                           0x0800a587   Thumb Code    20  stm32f10x_spi.o(.text)
    SPI_Cmd                                  0x0800a59b   Thumb Code    24  stm32f10x_spi.o(.text)
    I2S_Cmd                                  0x0800a5b3   Thumb Code    24  stm32f10x_spi.o(.text)
    SPI_I2S_ITConfig                         0x0800a5cb   Thumb Code    32  stm32f10x_spi.o(.text)
    SPI_I2S_DMACmd                           0x0800a5eb   Thumb Code    18  stm32f10x_spi.o(.text)
    SPI_I2S_SendData                         0x0800a5fd   Thumb Code     4  stm32f10x_spi.o(.text)
    SPI_I2S_ReceiveData                      0x0800a601   Thumb Code     6  stm32f10x_spi.o(.text)
    SPI_NSSInternalSoftwareConfig            0x0800a607   Thumb Code    30  stm32f10x_spi.o(.text)
    SPI_SSOutputCmd                          0x0800a625   Thumb Code    24  stm32f10x_spi.o(.text)
    SPI_DataSizeConfig                       0x0800a63d   Thumb Code    18  stm32f10x_spi.o(.text)
    SPI_TransmitCRC                          0x0800a64f   Thumb Code    10  stm32f10x_spi.o(.text)
    SPI_CalculateCRC                         0x0800a659   Thumb Code    24  stm32f10x_spi.o(.text)
    SPI_GetCRC                               0x0800a671   Thumb Code    16  stm32f10x_spi.o(.text)
    SPI_GetCRCPolynomial                     0x0800a681   Thumb Code     6  stm32f10x_spi.o(.text)
    SPI_BiDirectionalLineConfig              0x0800a687   Thumb Code    28  stm32f10x_spi.o(.text)
    SPI_I2S_GetFlagStatus                    0x0800a6a3   Thumb Code    18  stm32f10x_spi.o(.text)
    SPI_I2S_ClearFlag                        0x0800a6b5   Thumb Code     6  stm32f10x_spi.o(.text)
    SPI_I2S_GetITStatus                      0x0800a6bb   Thumb Code    52  stm32f10x_spi.o(.text)
    SPI_I2S_ClearITPendingBit                0x0800a6ef   Thumb Code    20  stm32f10x_spi.o(.text)
    usmart_sys_cmd_exe                       0x0800a711   Thumb Code  1554  usmart.o(.text)
    usmart_reset_runtime                     0x0800ad23   Thumb Code    38  usmart.o(.text)
    usmart_get_runtime                       0x0800ad49   Thumb Code    56  usmart.o(.text)
    TIM4_IRQHandler                          0x0800ad81   Thumb Code    50  usmart.o(.text)
    Timer4_Init                              0x0800adb3   Thumb Code    94  usmart.o(.text)
    usmart_init                              0x0800ae11   Thumb Code    36  usmart.o(.text)
    usmart_cmd_rec                           0x0800ae35   Thumb Code   170  usmart.o(.text)
    usmart_exe                               0x0800aedf   Thumb Code   872  usmart.o(.text)
    usmart_scan                              0x0800b247   Thumb Code   120  usmart.o(.text)
    read_addr                                0x0800b2bf   Thumb Code     6  usmart.o(.text)
    write_addr                               0x0800b2c5   Thumb Code     4  usmart.o(.text)
    usmart_strcmp                            0x0800b351   Thumb Code    34  usmart_str.o(.text)
    usmart_strcopy                           0x0800b373   Thumb Code    22  usmart_str.o(.text)
    usmart_strlen                            0x0800b389   Thumb Code    24  usmart_str.o(.text)
    usmart_pow                               0x0800b3a1   Thumb Code    22  usmart_str.o(.text)
    usmart_str2num                           0x0800b3b7   Thumb Code   202  usmart_str.o(.text)
    usmart_get_cmdname                       0x0800b481   Thumb Code    54  usmart_str.o(.text)
    usmart_search_nextc                      0x0800b4b7   Thumb Code    22  usmart_str.o(.text)
    usmart_get_fname                         0x0800b4cd   Thumb Code   440  usmart_str.o(.text)
    usmart_get_aparm                         0x0800b685   Thumb Code   200  usmart_str.o(.text)
    usmart_get_parmpos                       0x0800b74d   Thumb Code    26  usmart_str.o(.text)
    usmart_get_fparam                        0x0800b767   Thumb Code   262  usmart_str.o(.text)
    mymemcpy                                 0x0800b879   Thumb Code    26  malloc.o(.text)
    mymemset                                 0x0800b893   Thumb Code    20  malloc.o(.text)
    mem_init                                 0x0800b8a7   Thumb Code    38  malloc.o(.text)
    mem_perused                              0x0800b8cd   Thumb Code    42  malloc.o(.text)
    mem_malloc                               0x0800b8f7   Thumb Code   116  malloc.o(.text)
    mem_free                                 0x0800b96b   Thumb Code    66  malloc.o(.text)
    myfree                                   0x0800b9ad   Thumb Code    24  malloc.o(.text)
    mymalloc                                 0x0800b9c5   Thumb Code    28  malloc.o(.text)
    myrealloc                                0x0800b9e1   Thumb Code    50  malloc.o(.text)
    exfuns_init                              0x0800ba19   Thumb Code   100  exfuns.o(.text)
    char_upper                               0x0800ba7d   Thumb Code    26  exfuns.o(.text)
    f_typetell                               0x0800ba97   Thumb Code   188  exfuns.o(.text)
    exf_getfree                              0x0800bb53   Thumb Code    74  exfuns.o(.text)
    disk_initialize                          0x0800bbb1   Thumb Code    88  diskio.o(.text)
    disk_status                              0x0800bc09   Thumb Code     6  diskio.o(.text)
    disk_read                                0x0800bc0f   Thumb Code   118  diskio.o(.text)
    disk_write                               0x0800bc85   Thumb Code    98  diskio.o(.text)
    disk_ioctl                               0x0800bce7   Thumb Code   154  diskio.o(.text)
    get_fattime                              0x0800bd81   Thumb Code     4  diskio.o(.text)
    ff_memalloc                              0x0800bd85   Thumb Code    12  diskio.o(.text)
    ff_memfree                               0x0800bd91   Thumb Code    12  diskio.o(.text)
    clust2sect                               0x0800bf57   Thumb Code    26  ff.o(.text)
    get_fat                                  0x0800bf71   Thumb Code   232  ff.o(.text)
    put_fat                                  0x0800c059   Thumb Code   310  ff.o(.text)
    f_mount                                  0x0800d36b   Thumb Code    86  ff.o(.text)
    f_open                                   0x0800d3c1   Thumb Code   384  ff.o(.text)
    f_read                                   0x0800d541   Thumb Code   450  ff.o(.text)
    f_write                                  0x0800d703   Thumb Code   498  ff.o(.text)
    f_sync                                   0x0800d8f5   Thumb Code   176  ff.o(.text)
    f_close                                  0x0800d9a5   Thumb Code    32  ff.o(.text)
    f_lseek                                  0x0800d9c5   Thumb Code   654  ff.o(.text)
    f_opendir                                0x0800dc53   Thumb Code   136  ff.o(.text)
    f_closedir                               0x0800dcdb   Thumb Code    22  ff.o(.text)
    f_readdir                                0x0800dcf1   Thumb Code   114  ff.o(.text)
    f_stat                                   0x0800dd63   Thumb Code    84  ff.o(.text)
    f_getfree                                0x0800ddb7   Thumb Code   258  ff.o(.text)
    f_truncate                               0x0800deb9   Thumb Code   184  ff.o(.text)
    f_unlink                                 0x0800df71   Thumb Code   194  ff.o(.text)
    f_mkdir                                  0x0800e033   Thumb Code   380  ff.o(.text)
    f_chmod                                  0x0800e1af   Thumb Code   112  ff.o(.text)
    f_utime                                  0x0800e21f   Thumb Code   110  ff.o(.text)
    f_rename                                 0x0800e28d   Thumb Code   314  ff.o(.text)
    f_getlabel                               0x0800e3c7   Thumb Code   190  ff.o(.text)
    f_setlabel                               0x0800e485   Thumb Code   470  ff.o(.text)
    f_mkfs                                   0x0800e65b   Thumb Code  1570  ff.o(.text)
    f_gets                                   0x0800ec7d   Thumb Code    82  ff.o(.text)
    f_putc                                   0x0800ed13   Thumb Code    64  ff.o(.text)
    f_puts                                   0x0800ed53   Thumb Code    74  ff.o(.text)
    f_printf                                 0x0800ed9d   Thumb Code   674  ff.o(.text)
    ff_convert                               0x0800f041   Thumb Code   116  cc936.o(.text)
    ff_wtoupper                              0x0800f0b5   Thumb Code    46  cc936.o(.text)
    __use_no_semihosting                     0x0800f0f5   Thumb Code     2  use_no_semi_2.o(.text)
    __2printf                                0x0800f0f9   Thumb Code    20  noretval__2printf.o(.text)
    __2sprintf                               0x0800f111   Thumb Code    34  noretval__2sprintf.o(.text)
    _printf_pre_padding                      0x0800f139   Thumb Code    44  _printf_pad.o(.text)
    _printf_post_padding                     0x0800f165   Thumb Code    34  _printf_pad.o(.text)
    _printf_str                              0x0800f187   Thumb Code    82  _printf_str.o(.text)
    _printf_int_dec                          0x0800f1d9   Thumb Code   104  _printf_dec.o(.text)
    _printf_int_hex                          0x0800f251   Thumb Code    84  _printf_hex_int.o(.text)
    _printf_longlong_hex                     0x0800f251   Thumb Code     0  _printf_hex_int.o(.text)
    __printf                                 0x0800f2a9   Thumb Code   388  __printf_flags_ss_wp.o(.text)
    strcpy                                   0x0800f431   Thumb Code    72  strcpy.o(.text)
    strcmp                                   0x0800f479   Thumb Code   128  strcmpv7m.o(.text)
    __use_two_region_memory                  0x0800f4f9   Thumb Code     2  heapauxi.o(.text)
    __rt_heap_escrow$2region                 0x0800f4fb   Thumb Code     2  heapauxi.o(.text)
    __rt_heap_expand$2region                 0x0800f4fd   Thumb Code     2  heapauxi.o(.text)
    __I$use$semihosting                      0x0800f4ff   Thumb Code     0  use_no_semi.o(.text)
    __use_no_semihosting_swi                 0x0800f4ff   Thumb Code     2  use_no_semi.o(.text)
    _printf_int_common                       0x0800f501   Thumb Code   178  _printf_intcommon.o(.text)
    _printf_char_common                      0x0800f5bf   Thumb Code    32  _printf_char_common.o(.text)
    _sputc                                   0x0800f5e5   Thumb Code    10  _sputc.o(.text)
    _printf_cs_common                        0x0800f5ef   Thumb Code    20  _printf_char.o(.text)
    _printf_char                             0x0800f603   Thumb Code    16  _printf_char.o(.text)
    _printf_string                           0x0800f613   Thumb Code     8  _printf_char.o(.text)
    _printf_char_file                        0x0800f61d   Thumb Code    32  _printf_char_file.o(.text)
    ferror                                   0x0800f641   Thumb Code     8  ferror.o(.text)
    __user_setup_stackheap                   0x0800f649   Thumb Code    74  sys_stackheap_outer.o(.text)
    exit                                     0x0800f693   Thumb Code    12  exit.o(.text)
    __user_libspace                          0x0800f6a1   Thumb Code     8  libspace.o(.text)
    __user_perproc_libspace                  0x0800f6a1   Thumb Code     0  libspace.o(.text)
    __user_perthread_libspace                0x0800f6a1   Thumb Code     0  libspace.o(.text)
    _is_digit                                0x0800f6a9   Thumb Code    14  __printf_wp.o(i._is_digit)
    __aeabi_d2uiz                            0x0800f6b9   Thumb Code     0  dfixu.o(x$fpl$dfixu)
    _dfixu                                   0x0800f6b9   Thumb Code    90  dfixu.o(x$fpl$dfixu)
    __aeabi_ui2d                             0x0800f713   Thumb Code     0  dflt_clz.o(x$fpl$dfltu)
    _dfltu                                   0x0800f713   Thumb Code    38  dflt_clz.o(x$fpl$dfltu)
    __aeabi_dmul                             0x0800f739   Thumb Code     0  dmul.o(x$fpl$dmul)
    _dmul                                    0x0800f739   Thumb Code   332  dmul.o(x$fpl$dmul)
    __fpl_dnaninf                            0x0800f88d   Thumb Code   156  dnaninf.o(x$fpl$dnaninf)
    __fpl_dretinf                            0x0800f929   Thumb Code    12  dretinf.o(x$fpl$dretinf)
    __I$use$fp                               0x0800f934   Number         0  usenofp.o(x$fpl$usenofp)
    asc2_1206                                0x0800f934   Data        1140  lcd.o(.constdata)
    asc2_1608                                0x0800fda8   Data        1520  lcd.o(.constdata)
    asc2_2412                                0x08010398   Data        3420  lcd.o(.constdata)
    table_week                               0x080110f4   Data          12  rtc.o(.constdata)
    mon_table                                0x08011100   Data          12  rtc.o(.constdata)
    Region$$Table$$Base                      0x0803bf80   Number         0  anon$$obj.o(Region$$Table)
    Region$$Table$$Limit                     0x0803bfa0   Number         0  anon$$obj.o(Region$$Table)
    StringOfData1                            0x20000000   Data         100  main.o(.data)
    StringOfData2                            0x20000064   Data         100  main.o(.data)
    StringOfData3                            0x200000c8   Data         100  main.o(.data)
    StringOfData4                            0x2000012c   Data         100  main.o(.data)
    StringOfData5                            0x20000190   Data         100  main.o(.data)
    AT                                       0x200001f4   Data          20  main.o(.data)
    ATCWMODE                                 0x20000208   Data          20  main.o(.data)
    ATRST                                    0x2000021c   Data           8  main.o(.data)
    ATCWJAP                                  0x20000224   Data          40  main.o(.data)
    ATCIPMUX                                 0x2000024c   Data          20  main.o(.data)
    ATCIPMODE                                0x20000260   Data          20  main.o(.data)
    ATCIPSEND                                0x20000274   Data          20  main.o(.data)
    ATCIPSTART                               0x20000288   Data          60  main.o(.data)
    GET                                      0x200002c4   Data         500  main.o(.data)
    ATCLOSE                                  0x200004b8   Data           3  main.o(.data)
    SystemCoreClock                          0x200004bc   Data           4  system_stm32f10x.o(.data)
    AHBPrescTable                            0x200004c0   Data          16  system_stm32f10x.o(.data)
    POINT_COLOR                              0x200004d0   Data           2  lcd.o(.data)
    BACK_COLOR                               0x200004d2   Data           2  lcd.o(.data)
    SPI_FLASH_TYPE                           0x200004d8   Data           2  flash.o(.data)
    SD_Type                                  0x200004da   Data           1  mmc_sd.o(.data)
    __stdout                                 0x200004e0   Data           4  usart.o(.data)
    USART_RX_STA                             0x200004e4   Data           2  usart.o(.data)
    USART_RX_STA5                            0x200004e6   Data           2  usart.o(.data)
    sys_cmd_tab                              0x200004fc   Data          28  usmart.o(.data)
    usmart_nametab                           0x20000518   Data          40  usmart_config.o(.data)
    usmart_dev                               0x20000540   Data         244  usmart_config.o(.data)
    mallco_dev                               0x20000634   Data          20  malloc.o(.data)
    FILE_TYPE_TBL                            0x20000648   Data         312  exfuns.o(.data)
    fs                                       0x20000780   Data           8  exfuns.o(.data)
    file                                     0x20000788   Data           4  exfuns.o(.data)
    ftemp                                    0x2000078c   Data           4  exfuns.o(.data)
    br                                       0x20000790   Data           4  exfuns.o(.data)
    bw                                       0x20000794   Data           4  exfuns.o(.data)
    fatbuf                                   0x20000798   Data           4  exfuns.o(.data)
    FLASH_SECTOR_COUNT                       0x2000079c   Data           2  diskio.o(.data)
    string6                                  0x200007ac   Data          20  main.o(.bss)
    lcddev                                   0x200007c0   Data          14  lcd.o(.bss)
    calendar                                 0x200007ce   Data          10  rtc.o(.bss)
    SPI_FLASH_BUF                            0x200007d8   Data        4096  flash.o(.bss)
    SPI_InitStructure                        0x200017d8   Data          18  spi.o(.bss)
    USART_RX_BUF                             0x200017ea   Data         200  usart.o(.bss)
    USART_RX_BUF5                            0x200018b2   Data         500  usart.o(.bss)
    membase                                  0x20001aa8   Data       35840  malloc.o(.bss)
    memmapbase                               0x2000a6a8   Data        2240  malloc.o(.bss)
    __libspace_start                         0x2000af68   Data          96  libspace.o(.bss)
    __temporary_stack_top$libspace           0x2000afc8   Data           0  libspace.o(.bss)



==============================================================================

Memory Map of the image

  Image Entry point : 0x08000131

  Load Region LR_IROM1 (Base: 0x08000000, Size: 0x0003c74c, Max: 0x00040000, ABSOLUTE, COMPRESSED[0x0003c1c4])

    Execution Region ER_IROM1 (Base: 0x08000000, Size: 0x0003bfa0, Max: 0x00040000, ABSOLUTE)

    Base Addr    Size         Type   Attr      Idx    E Section Name        Object

    0x08000000   0x00000130   Data   RO          419    RESET               startup_stm32f10x_hd.o
    0x08000130   0x00000008   Code   RO          791  * !!!main             c_w.l(__main.o)
    0x08000138   0x00000034   Code   RO          981    !!!scatter          c_w.l(__scatter.o)
    0x0800016c   0x0000005a   Code   RO          979    !!dczerorl2         c_w.l(__dczerorl2.o)
    0x080001c6   0x00000002   PAD
    0x080001c8   0x0000001c   Code   RO          983    !!handler_zi        c_w.l(__scatter_zi.o)
    0x080001e4   0x00000000   Code   RO          784    .ARM.Collect$$_printf_percent$$00000000  c_w.l(_printf_percent.o)
    0x080001e4   0x00000006   Code   RO          782    .ARM.Collect$$_printf_percent$$00000009  c_w.l(_printf_d.o)
    0x080001ea   0x00000006   Code   RO          783    .ARM.Collect$$_printf_percent$$0000000A  c_w.l(_printf_u.o)
    0x080001f0   0x00000006   Code   RO          781    .ARM.Collect$$_printf_percent$$0000000C  c_w.l(_printf_x.o)
    0x080001f6   0x00000006   Code   RO          779    .ARM.Collect$$_printf_percent$$00000013  c_w.l(_printf_c.o)
    0x080001fc   0x00000006   Code   RO          780    .ARM.Collect$$_printf_percent$$00000014  c_w.l(_printf_s.o)
    0x08000202   0x00000004   Code   RO          818    .ARM.Collect$$_printf_percent$$00000017  c_w.l(_printf_percent_end.o)
    0x08000206   0x00000002   Code   RO          854    .ARM.Collect$$libinit$$00000000  c_w.l(libinit.o)
    0x08000208   0x00000000   Code   RO          861    .ARM.Collect$$libinit$$00000002  c_w.l(libinit2.o)
    0x08000208   0x00000000   Code   RO          863    .ARM.Collect$$libinit$$00000004  c_w.l(libinit2.o)
    0x08000208   0x00000000   Code   RO          866    .ARM.Collect$$libinit$$0000000A  c_w.l(libinit2.o)
    0x08000208   0x00000000   Code   RO          868    .ARM.Collect$$libinit$$0000000C  c_w.l(libinit2.o)
    0x08000208   0x00000000   Code   RO          870    .ARM.Collect$$libinit$$0000000E  c_w.l(libinit2.o)
    0x08000208   0x00000000   Code   RO          873    .ARM.Collect$$libinit$$00000011  c_w.l(libinit2.o)
    0x08000208   0x00000000   Code   RO          875    .ARM.Collect$$libinit$$00000013  c_w.l(libinit2.o)
    0x08000208   0x00000000   Code   RO          877    .ARM.Collect$$libinit$$00000015  c_w.l(libinit2.o)
    0x08000208   0x00000000   Code   RO          879    .ARM.Collect$$libinit$$00000017  c_w.l(libinit2.o)
    0x08000208   0x00000000   Code   RO          881    .ARM.Collect$$libinit$$00000019  c_w.l(libinit2.o)
    0x08000208   0x00000000   Code   RO          883    .ARM.Collect$$libinit$$0000001B  c_w.l(libinit2.o)
    0x08000208   0x00000000   Code   RO          885    .ARM.Collect$$libinit$$0000001D  c_w.l(libinit2.o)
    0x08000208   0x00000000   Code   RO          887    .ARM.Collect$$libinit$$0000001F  c_w.l(libinit2.o)
    0x08000208   0x00000000   Code   RO          889    .ARM.Collect$$libinit$$00000021  c_w.l(libinit2.o)
    0x08000208   0x00000000   Code   RO          891    .ARM.Collect$$libinit$$00000023  c_w.l(libinit2.o)
    0x08000208   0x00000000   Code   RO          893    .ARM.Collect$$libinit$$00000025  c_w.l(libinit2.o)
    0x08000208   0x00000000   Code   RO          897    .ARM.Collect$$libinit$$0000002C  c_w.l(libinit2.o)
    0x08000208   0x00000000   Code   RO          899    .ARM.Collect$$libinit$$0000002E  c_w.l(libinit2.o)
    0x08000208   0x00000000   Code   RO          901    .ARM.Collect$$libinit$$00000030  c_w.l(libinit2.o)
    0x08000208   0x00000000   Code   RO          903    .ARM.Collect$$libinit$$00000032  c_w.l(libinit2.o)
    0x08000208   0x00000002   Code   RO          904    .ARM.Collect$$libinit$$00000033  c_w.l(libinit2.o)
    0x0800020a   0x00000002   Code   RO          922    .ARM.Collect$$libshutdown$$00000000  c_w.l(libshutdown.o)
    0x0800020c   0x00000000   Code   RO          933    .ARM.Collect$$libshutdown$$00000003  c_w.l(libshutdown2.o)
    0x0800020c   0x00000000   Code   RO          936    .ARM.Collect$$libshutdown$$00000006  c_w.l(libshutdown2.o)
    0x0800020c   0x00000000   Code   RO          939    .ARM.Collect$$libshutdown$$00000009  c_w.l(libshutdown2.o)
    0x0800020c   0x00000000   Code   RO          941    .ARM.Collect$$libshutdown$$0000000B  c_w.l(libshutdown2.o)
    0x0800020c   0x00000000   Code   RO          944    .ARM.Collect$$libshutdown$$0000000E  c_w.l(libshutdown2.o)
    0x0800020c   0x00000002   Code   RO          945    .ARM.Collect$$libshutdown$$0000000F  c_w.l(libshutdown2.o)
    0x0800020e   0x00000000   Code   RO          807    .ARM.Collect$$rtentry$$00000000  c_w.l(__rtentry.o)
    0x0800020e   0x00000000   Code   RO          825    .ARM.Collect$$rtentry$$00000002  c_w.l(__rtentry2.o)
    0x0800020e   0x00000006   Code   RO          837    .ARM.Collect$$rtentry$$00000004  c_w.l(__rtentry4.o)
    0x08000214   0x00000000   Code   RO          827    .ARM.Collect$$rtentry$$00000009  c_w.l(__rtentry2.o)
    0x08000214   0x00000004   Code   RO          828    .ARM.Collect$$rtentry$$0000000A  c_w.l(__rtentry2.o)
    0x08000218   0x00000000   Code   RO          830    .ARM.Collect$$rtentry$$0000000C  c_w.l(__rtentry2.o)
    0x08000218   0x00000008   Code   RO          831    .ARM.Collect$$rtentry$$0000000D  c_w.l(__rtentry2.o)
    0x08000220   0x00000002   Code   RO          858    .ARM.Collect$$rtexit$$00000000  c_w.l(rtexit.o)
    0x08000222   0x00000000   Code   RO          906    .ARM.Collect$$rtexit$$00000002  c_w.l(rtexit2.o)
    0x08000222   0x00000004   Code   RO          907    .ARM.Collect$$rtexit$$00000003  c_w.l(rtexit2.o)
    0x08000226   0x00000006   Code   RO          908    .ARM.Collect$$rtexit$$00000004  c_w.l(rtexit2.o)
    0x0800022c   0x00001978   Code   RO            1    .text               main.o
    0x08001ba4   0x0000001a   Code   RO          164    .text               stm32f10x_it.o
    0x08001bbe   0x00000002   PAD
    0x08001bc0   0x000001e0   Code   RO          205    .text               system_stm32f10x.o
    0x08001da0   0x00005846   Code   RO          235    .text               lcd.o
    0x080075e6   0x00000002   PAD
    0x080075e8   0x0000037c   Code   RO          265    .text               rtc.o
    0x08007964   0x000000fc   Code   RO          285    .text               key.o
    0x08007a60   0x00000348   Code   RO          298    .text               flash.o
    0x08007da8   0x00000524   Code   RO          320    .text               mmc_sd.o
    0x080082cc   0x000000e0   Code   RO          338    .text               spi.o
    0x080083ac   0x000000d4   Code   RO          353    .text               delay.o
    0x08008480   0x0000026c   Code   RO          384    .text               usart.o
    0x080086ec   0x00000040   Code   RO          420    .text               startup_stm32f10x_hd.o
    0x0800872c   0x0000035c   Code   RO          424    .text               stm32f10x_gpio.o
    0x08008a88   0x000003a4   Code   RO          436    .text               stm32f10x_rcc.o
    0x08008e2c   0x00000408   Code   RO          450    .text               stm32f10x_usart.o
    0x08009234   0x000000dc   Code   RO          462    .text               misc.o
    0x08009310   0x00000e1a   Code   RO          474    .text               stm32f10x_tim.o
    0x0800a12a   0x00000002   PAD
    0x0800a12c   0x00000148   Code   RO          486    .text               stm32f10x_rtc.o
    0x0800a274   0x000000c4   Code   RO          498    .text               stm32f10x_bkp.o
    0x0800a338   0x000000cc   Code   RO          510    .text               stm32f10x_pwr.o
    0x0800a404   0x0000030c   Code   RO          522    .text               stm32f10x_spi.o
    0x0800a710   0x00000c40   Code   RO          534    .text               usmart.o
    0x0800b350   0x00000528   Code   RO          563    .text               usmart_str.o
    0x0800b878   0x000001a0   Code   RO          575    .text               malloc.o
    0x0800ba18   0x00000198   Code   RO          595    .text               exfuns.o
    0x0800bbb0   0x000001f8   Code   RO          651    .text               diskio.o
    0x0800bda8   0x00003296   Code   RO          677    .text               ff.o
    0x0800f03e   0x00000002   PAD
    0x0800f040   0x000000b4   Code   RO          695    .text               cc936.o
    0x0800f0f4   0x00000002   Code   RO          720    .text               c_w.l(use_no_semi_2.o)
    0x0800f0f6   0x00000002   PAD
    0x0800f0f8   0x00000018   Code   RO          726    .text               c_w.l(noretval__2printf.o)
    0x0800f110   0x00000028   Code   RO          728    .text               c_w.l(noretval__2sprintf.o)
    0x0800f138   0x0000004e   Code   RO          732    .text               c_w.l(_printf_pad.o)
    0x0800f186   0x00000052   Code   RO          734    .text               c_w.l(_printf_str.o)
    0x0800f1d8   0x00000078   Code   RO          736    .text               c_w.l(_printf_dec.o)
    0x0800f250   0x00000058   Code   RO          741    .text               c_w.l(_printf_hex_int.o)
    0x0800f2a8   0x00000188   Code   RO          776    .text               c_w.l(__printf_flags_ss_wp.o)
    0x0800f430   0x00000048   Code   RO          785    .text               c_w.l(strcpy.o)
    0x0800f478   0x00000080   Code   RO          787    .text               c_w.l(strcmpv7m.o)
    0x0800f4f8   0x00000006   Code   RO          789    .text               c_w.l(heapauxi.o)
    0x0800f4fe   0x00000002   Code   RO          805    .text               c_w.l(use_no_semi.o)
    0x0800f500   0x000000b2   Code   RO          808    .text               c_w.l(_printf_intcommon.o)
    0x0800f5b2   0x00000002   PAD
    0x0800f5b4   0x00000030   Code   RO          810    .text               c_w.l(_printf_char_common.o)
    0x0800f5e4   0x0000000a   Code   RO          812    .text               c_w.l(_sputc.o)
    0x0800f5ee   0x0000002c   Code   RO          814    .text               c_w.l(_printf_char.o)
    0x0800f61a   0x00000002   PAD
    0x0800f61c   0x00000024   Code   RO          816    .text               c_w.l(_printf_char_file.o)
    0x0800f640   0x00000008   Code   RO          841    .text               c_w.l(ferror.o)
    0x0800f648   0x0000004a   Code   RO          845    .text               c_w.l(sys_stackheap_outer.o)
    0x0800f692   0x0000000c   Code   RO          847    .text               c_w.l(exit.o)
    0x0800f69e   0x00000002   PAD
    0x0800f6a0   0x00000008   Code   RO          855    .text               c_w.l(libspace.o)
    0x0800f6a8   0x0000000e   Code   RO          769    i._is_digit         c_w.l(__printf_wp.o)
    0x0800f6b6   0x00000002   PAD
    0x0800f6b8   0x0000005a   Code   RO          793    x$fpl$dfixu         fz_ws.l(dfixu.o)
    0x0800f712   0x00000026   Code   RO          797    x$fpl$dfltu         fz_ws.l(dflt_clz.o)
    0x0800f738   0x00000154   Code   RO          803    x$fpl$dmul          fz_ws.l(dmul.o)
    0x0800f88c   0x0000009c   Code   RO          819    x$fpl$dnaninf       fz_ws.l(dnaninf.o)
    0x0800f928   0x0000000c   Code   RO          821    x$fpl$dretinf       fz_ws.l(dretinf.o)
    0x0800f934   0x00000000   Code   RO          823    x$fpl$usenofp       fz_ws.l(usenofp.o)
    0x0800f934   0x000017c0   Data   RO          237    .constdata          lcd.o
    0x080110f4   0x00000018   Data   RO          267    .constdata          rtc.o
    0x0801110c   0x0000003a   Data   RO          678    .constdata          ff.o
    0x08011146   0x0002acc8   Data   RO          696    .constdata          cc936.o
    0x0803be0e   0x00000028   Data   RO          742    .constdata          c_w.l(_printf_hex_int.o)
    0x0803be36   0x00000011   Data   RO          777    .constdata          c_w.l(__printf_flags_ss_wp.o)
    0x0803be47   0x00000001   PAD
    0x0803be48   0x00000028   Data   RO          535    .conststring        usmart.o
    0x0803be70   0x000000ab   Data   RO          550    .conststring        usmart_config.o
    0x0803bf1b   0x00000001   PAD
    0x0803bf1c   0x00000064   Data   RO          597    .conststring        exfuns.o
    0x0803bf80   0x00000020   Data   RO          977    Region$$Table       anon$$obj.o


    Execution Region RW_IRAM1 (Base: 0x20000000, Size: 0x0000b5c8, Max: 0x0000c000, ABSOLUTE, COMPRESSED[0x00000224])

    Base Addr    Size         Type   Attr      Idx    E Section Name        Object

    0x20000000   0x000004bb   Data   RW            3    .data               main.o
    0x200004bb   0x00000001   PAD
    0x200004bc   0x00000014   Data   RW          206    .data               system_stm32f10x.o
    0x200004d0   0x00000004   Data   RW          238    .data               lcd.o
    0x200004d4   0x00000002   Data   RW          268    .data               rtc.o
    0x200004d6   0x00000001   Data   RW          286    .data               key.o
    0x200004d7   0x00000001   PAD
    0x200004d8   0x00000002   Data   RW          300    .data               flash.o
    0x200004da   0x00000001   Data   RW          321    .data               mmc_sd.o
    0x200004db   0x00000001   PAD
    0x200004dc   0x00000004   Data   RW          354    .data               delay.o
    0x200004e0   0x00000008   Data   RW          386    .data               usart.o
    0x200004e8   0x00000014   Data   RW          437    .data               stm32f10x_rcc.o
    0x200004fc   0x0000001c   Data   RW          536    .data               usmart.o
    0x20000518   0x0000011c   Data   RW          551    .data               usmart_config.o
    0x20000634   0x00000014   Data   RW          578    .data               malloc.o
    0x20000648   0x00000154   Data   RW          598    .data               exfuns.o
    0x2000079c   0x00000002   Data   RW          652    .data               diskio.o
    0x2000079e   0x00000002   PAD
    0x200007a0   0x0000000a   Data   RW          679    .data               ff.o
    0x200007aa   0x00000002   PAD
    0x200007ac   0x00000014   Zero   RW            2    .bss                main.o
    0x200007c0   0x0000000e   Zero   RW          236    .bss                lcd.o
    0x200007ce   0x0000000a   Zero   RW          266    .bss                rtc.o
    0x200007d8   0x00001000   Zero   RW          299    .bss                flash.o
    0x200017d8   0x00000012   Zero   RW          339    .bss                spi.o
    0x200017ea   0x000002bc   Zero   RW          385    .bss                usart.o
    0x20001aa6   0x00000002   PAD
    0x20001aa8   0x000094c0   Zero   RW          576    .bss                malloc.o
    0x2000af68   0x00000060   Zero   RW          856    .bss                c_w.l(libspace.o)
    0x2000afc8   0x00000200   Zero   RW          418    HEAP                startup_stm32f10x_hd.o
    0x2000b1c8   0x00000400   Zero   RW          417    STACK               startup_stm32f10x_hd.o


==============================================================================

Image component sizes


      Code (inc. data)   RO Data    RW Data    ZI Data      Debug   Object Name

       180         18     175304          0          0       2545   cc936.o
       212         18          0          4          0       1203   delay.o
       504         12          0          2          0       4530   diskio.o
       408         20        100        340          0       5520   exfuns.o
     12950        138         58         10          0      34846   ff.o
       840         20          0          2       4096       4605   flash.o
       252         16          0          1          0        916   key.o
     22598        208       6080          4         14      24839   lcd.o
      6520        614          0       1211         20     266061   main.o
       416          6          0         20      38080       4289   malloc.o
       220         22          0          0          0       1981   misc.o
      1316         16          0          1          0       5946   mmc_sd.o
       892         28         24          2         10       3992   rtc.o
       224         12          0          0         18       1453   spi.o
        64         26        304          0       1536        860   startup_stm32f10x_hd.o
       196          8          0          0          0       3644   stm32f10x_bkp.o
       860         38          0          0          0       5825   stm32f10x_gpio.o
        26          0          0          0          0       1270   stm32f10x_it.o
       204         14          0          0          0       2007   stm32f10x_pwr.o
       932         36          0         20          0       9088   stm32f10x_rcc.o
       328          4          0          0          0       2758   stm32f10x_rtc.o
       780         14          0          0          0       6710   stm32f10x_spi.o
      3610         88          0          0          0      22312   stm32f10x_tim.o
      1032         22          0          0          0       8552   stm32f10x_usart.o
         0          0          0          0          0         32   sys.o
       480         38          0         20          0       2007   system_stm32f10x.o
       620         38          0          8        700       4118   usart.o
      3136       1288         40         28          0       4542   usmart.o
         0          0        171        284          0       1904   usmart_config.o
      1320         12          0          0          0       5233   usmart_str.o

    ----------------------------------------------------------------------
     61128       2774     182114       1964      44476     443588   Object Totals
         0          0         32          0          0          0   (incl. Generated)
         8          0          1          7          2          0   (incl. Padding)

    ----------------------------------------------------------------------

      Code (inc. data)   RO Data    RW Data    ZI Data      Debug   Library Member Name

        90          0          0          0          0          0   __dczerorl2.o
         8          0          0          0          0         68   __main.o
       392          4         17          0          0         92   __printf_flags_ss_wp.o
        14          0          0          0          0         68   __printf_wp.o
         0          0          0          0          0          0   __rtentry.o
        12          0          0          0          0          0   __rtentry2.o
         6          0          0          0          0          0   __rtentry4.o
        52          8          0          0          0          0   __scatter.o
        28          0          0          0          0          0   __scatter_zi.o
         6          0          0          0          0          0   _printf_c.o
        44          0          0          0          0        108   _printf_char.o
        48          6          0          0          0         96   _printf_char_common.o
        36          4          0          0          0         80   _printf_char_file.o
         6          0          0          0          0          0   _printf_d.o
       120         16          0          0          0         92   _printf_dec.o
        88          4         40          0          0         88   _printf_hex_int.o
       178          0          0          0          0         88   _printf_intcommon.o
        78          0          0          0          0        108   _printf_pad.o
         0          0          0          0          0          0   _printf_percent.o
         4          0          0          0          0          0   _printf_percent_end.o
         6          0          0          0          0          0   _printf_s.o
        82          0          0          0          0         80   _printf_str.o
         6          0          0          0          0          0   _printf_u.o
         6          0          0          0          0          0   _printf_x.o
        10          0          0          0          0         68   _sputc.o
        12          0          0          0          0         72   exit.o
         8          0          0          0          0         68   ferror.o
         6          0          0          0          0        152   heapauxi.o
         2          0          0          0          0          0   libinit.o
         2          0          0          0          0          0   libinit2.o
         2          0          0          0          0          0   libshutdown.o
         2          0          0          0          0          0   libshutdown2.o
         8          4          0          0         96         68   libspace.o
        24          4          0          0          0         84   noretval__2printf.o
        40          6          0          0          0         84   noretval__2sprintf.o
         2          0          0          0          0          0   rtexit.o
        10          0          0          0          0          0   rtexit2.o
       128          0          0          0          0         68   strcmpv7m.o
        72          0          0          0          0         80   strcpy.o
        74          0          0          0          0         80   sys_stackheap_outer.o
         2          0          0          0          0         68   use_no_semi.o
         2          0          0          0          0         68   use_no_semi_2.o
        90          4          0          0          0         92   dfixu.o
        38          0          0          0          0         68   dflt_clz.o
       340         12          0          0          0        104   dmul.o
       156          4          0          0          0         92   dnaninf.o
        12          0          0          0          0         68   dretinf.o
         0          0          0          0          0          0   usenofp.o

    ----------------------------------------------------------------------
      2364         76         58          0         96       2352   Library Totals
        12          0          1          0          0          0   (incl. Padding)

    ----------------------------------------------------------------------

      Code (inc. data)   RO Data    RW Data    ZI Data      Debug   Library Name

      1716         56         57          0         96       1928   c_w.l
       636         20          0          0          0        424   fz_ws.l

    ----------------------------------------------------------------------
      2364         76         58          0         96       2352   Library Totals

    ----------------------------------------------------------------------

==============================================================================


      Code (inc. data)   RO Data    RW Data    ZI Data      Debug   

     63492       2850     182172       1964      44572     441984   Grand Totals
     63492       2850     182172        548      44572     441984   ELF Image Totals (compressed)
     63492       2850     182172        548          0          0   ROM Totals

==============================================================================

    Total RO  Size (Code + RO Data)               245664 ( 239.91kB)
    Total RW  Size (RW Data + ZI Data)             46536 (  45.45kB)
    Total ROM Size (Code + RO Data + RW Data)     246212 ( 240.44kB)

==============================================================================

